Component: ARM Compiler 5.06 update 5 (build 528) Tool: armlink [4d35e2]

==============================================================================

Section Cross References

    main.o(.text) refers to delay.o(.text) for delay_init
    main.o(.text) refers to w5500.o(.text) for W5500_Initialization
    main.o(.text) refers to fflt_clz.o(x$fpl$ffltu) for __aeabi_ui2f
    main.o(.text) refers to fdiv.o(x$fpl$fdiv) for __aeabi_fdiv
    main.o(.text) refers to f2d.o(x$fpl$f2d) for __aeabi_f2d
    main.o(.text) refers to sin.o(i.sin) for sin
    main.o(.text) refers to dmul.o(x$fpl$dmul) for __aeabi_dmul
    main.o(.text) refers to daddsub_clz.o(x$fpl$dadd) for __aeabi_dadd
    system_stm32f10x.o(.text) refers to system_stm32f10x.o(.data) for SystemCoreClock
    w5500.o(.text) refers to stm32f10x_gpio.o(.text) for GPIO_Init
    w5500.o(.text) refers to stm32f10x_exti.o(.text) for EXTI_Init
    w5500.o(.text) refers to misc.o(.text) for NVIC_Init
    w5500.o(.text) refers to stm32f10x_spi.o(.text) for SPI_I2S_SendData
    w5500.o(.text) refers to w5500.o(.data) for S0_Port
    w5500.o(.text) refers to rt_memcpy_v6.o(.text) for __aeabi_memcpy
    w5500.o(.text) refers to main.o(.text) for datarec_process
    w5500.o(.text) refers to stm32f10x_rcc.o(.text) for RCC_APB2PeriphClockCmd
    w5500.o(.text) refers to c89vsprintf.o(.text) for __c89vsprintf
    w5500.o(.text) refers to w5500.o(.bss) for Rx_Buffer
    w5500.o(.text) refers to delay.o(.text) for delay_ms
    delay.o(.text) refers to misc.o(.text) for SysTick_CLKSourceConfig
    delay.o(.text) refers to system_stm32f10x.o(.data) for SystemCoreClock
    delay.o(.text) refers to delay.o(.data) for fac_us
    usart.o(.text) refers (Special) to use_no_semi_2.o(.text) for __use_no_semihosting
    usart.o(.text) refers to stm32f10x_rcc.o(.text) for RCC_APB2PeriphClockCmd
    usart.o(.text) refers to stm32f10x_gpio.o(.text) for GPIO_Init
    usart.o(.text) refers to misc.o(.text) for NVIC_Init
    usart.o(.text) refers to stm32f10x_usart.o(.text) for USART_Init
    usart.o(.data) refers (Special) to use_no_semi_2.o(.text) for __use_no_semihosting
    startup_stm32f10x_md.o(STACK) refers (Special) to heapauxi.o(.text) for __use_two_region_memory
    startup_stm32f10x_md.o(HEAP) refers (Special) to heapauxi.o(.text) for __use_two_region_memory
    startup_stm32f10x_md.o(RESET) refers (Special) to heapauxi.o(.text) for __use_two_region_memory
    startup_stm32f10x_md.o(RESET) refers to startup_stm32f10x_md.o(STACK) for __initial_sp
    startup_stm32f10x_md.o(RESET) refers to startup_stm32f10x_md.o(.text) for Reset_Handler
    startup_stm32f10x_md.o(RESET) refers to stm32f10x_it.o(.text) for NMI_Handler
    startup_stm32f10x_md.o(RESET) refers to w5500.o(.text) for EXTI3_IRQHandler
    startup_stm32f10x_md.o(RESET) refers to usart.o(.text) for USART1_IRQHandler
    startup_stm32f10x_md.o(.text) refers (Special) to heapauxi.o(.text) for __use_two_region_memory
    startup_stm32f10x_md.o(.text) refers to system_stm32f10x.o(.text) for SystemInit
    startup_stm32f10x_md.o(.text) refers to __main.o(!!!main) for __main
    startup_stm32f10x_md.o(.text) refers to startup_stm32f10x_md.o(HEAP) for Heap_Mem
    startup_stm32f10x_md.o(.text) refers to startup_stm32f10x_md.o(STACK) for Stack_Mem
    stm32f10x_gpio.o(.text) refers to stm32f10x_rcc.o(.text) for RCC_APB2PeriphResetCmd
    stm32f10x_rcc.o(.text) refers to stm32f10x_rcc.o(.data) for APBAHBPrescTable
    stm32f10x_usart.o(.text) refers to stm32f10x_rcc.o(.text) for RCC_APB2PeriphResetCmd
    stm32f10x_spi.o(.text) refers to stm32f10x_rcc.o(.text) for RCC_APB2PeriphResetCmd
    use_no_semi_2.o(.text) refers (Special) to use_no_semi.o(.text) for __use_no_semihosting_swi
    c89vsprintf.o(.text) refers (Special) to _printf_a.o(.ARM.Collect$$_printf_percent$$00000006) for _printf_a
    c89vsprintf.o(.text) refers (Special) to _printf_c.o(.ARM.Collect$$_printf_percent$$00000013) for _printf_c
    c89vsprintf.o(.text) refers (Special) to _printf_charcount.o(.text) for _printf_charcount
    c89vsprintf.o(.text) refers (Special) to _printf_d.o(.ARM.Collect$$_printf_percent$$00000009) for _printf_d
    c89vsprintf.o(.text) refers (Special) to _printf_e.o(.ARM.Collect$$_printf_percent$$00000004) for _printf_e
    c89vsprintf.o(.text) refers (Special) to _printf_f.o(.ARM.Collect$$_printf_percent$$00000003) for _printf_f
    c89vsprintf.o(.text) refers (Special) to printf1.o(x$fpl$printf1) for _printf_fp_dec
    c89vsprintf.o(.text) refers (Special) to _printf_g.o(.ARM.Collect$$_printf_percent$$00000005) for _printf_g
    c89vsprintf.o(.text) refers (Special) to _printf_i.o(.ARM.Collect$$_printf_percent$$00000008) for _printf_i
    c89vsprintf.o(.text) refers (Special) to _printf_dec.o(.text) for _printf_int_dec
    c89vsprintf.o(.text) refers (Special) to _printf_l.o(.ARM.Collect$$_printf_percent$$00000012) for _printf_l
[...]
    .ARM.Collect$$rtentry$$0000000A          0x0800021a   Section        4  __rtentry2.o(.ARM.Collect$$rtentry$$0000000A)
    .ARM.Collect$$rtentry$$0000000C          0x0800021e   Section        0  __rtentry2.o(.ARM.Collect$$rtentry$$0000000C)
    .ARM.Collect$$rtentry$$0000000D          0x0800021e   Section        8  __rtentry2.o(.ARM.Collect$$rtentry$$0000000D)
    .ARM.Collect$$rtexit$$00000000           0x08000226   Section        2  rtexit.o(.ARM.Collect$$rtexit$$00000000)
    .ARM.Collect$$rtexit$$00000002           0x08000228   Section        0  rtexit2.o(.ARM.Collect$$rtexit$$00000002)
    .ARM.Collect$$rtexit$$00000003           0x08000228   Section        4  rtexit2.o(.ARM.Collect$$rtexit$$00000003)
    .ARM.Collect$$rtexit$$00000004           0x0800022c   Section        6  rtexit2.o(.ARM.Collect$$rtexit$$00000004)
    .text                                    0x08000234   Section        0  main.o(.text)
    .text                                    0x080002b4   Section        0  stm32f10x_it.o(.text)
    .text                                    0x080002d0   Section        0  system_stm32f10x.o(.text)
    SetSysClockTo72                          0x080002d1   Thumb Code   214  system_stm32f10x.o(.text)
    SetSysClock                              0x080003a7   Thumb Code     8  system_stm32f10x.o(.text)
    .text                                    0x080004b0   Section        0  w5500.o(.text)
    .text                                    0x080010fc   Section        0  delay.o(.text)
    .text                                    0x080011d0   Section        0  usart.o(.text)
    .text                                    0x080012a8   Section       64  startup_stm32f10x_md.o(.text)
    .text                                    0x080012e8   Section        0  stm32f10x_gpio.o(.text)
    .text                                    0x08001644   Section        0  stm32f10x_rcc.o(.text)
    .text                                    0x080019e8   Section        0  stm32f10x_usart.o(.text)
    .text                                    0x08001df0   Section        0  misc.o(.text)
    .text                                    0x08001ecc   Section        0  stm32f10x_spi.o(.text)
    .text                                    0x080021d8   Section        0  stm32f10x_exti.o(.text)
    .text                                    0x080022f4   Section        2  use_no_semi_2.o(.text)
    .text                                    0x080022f8   Section        0  c89vsprintf.o(.text)
    .text                                    0x0800231c   Section      138  rt_memcpy_v6.o(.text)
    .text                                    0x080023a6   Section        0  heapauxi.o(.text)
    .text                                    0x080023ac   Section        2  use_no_semi.o(.text)
    .text                                    0x080023ae   Section        0  _rserrno.o(.text)
    .text                                    0x080023c4   Section        0  _printf_pad.o(.text)
    .text                                    0x08002412   Section        0  _printf_truncate.o(.text)
    .text                                    0x08002436   Section        0  _printf_str.o(.text)
    .text                                    0x08002488   Section        0  _printf_dec.o(.text)
    .text                                    0x08002500   Section        0  _printf_charcount.o(.text)
    .text                                    0x08002528   Section        0  _printf_char_common.o(.text)
    _printf_input_char                       0x08002529   Thumb Code    10  _printf_char_common.o(.text)
    .text                                    0x08002558   Section        0  _sputc.o(.text)
    .text                                    0x08002564   Section        0  _printf_wctomb.o(.text)
    .text                                    0x08002620   Section        0  _printf_longlong_dec.o(.text)
    .text                                    0x0800269c   Section        0  _printf_oct_int_ll.o(.text)
    _printf_longlong_oct_internal            0x0800269d   Thumb Code     0  _printf_oct_int_ll.o(.text)
    .text                                    0x0800270c   Section        0  _printf_hex_int_ll_ptr.o(.text)
    _printf_hex_common                       0x0800270d   Thumb Code     0  _printf_hex_int_ll_ptr.o(.text)
    .text                                    0x080027a0   Section        0  __printf_flags_ss_wp.o(.text)
    .text                                    0x08002928   Section      100  rt_memcpy_w.o(.text)
    .text                                    0x0800298c   Section        8  rt_errno_addr_intlibspace.o(.text)
    .text                                    0x08002994   Section      138  lludiv10.o(.text)
    .text                                    0x08002a1e   Section        0  _printf_intcommon.o(.text)
    .text                                    0x08002ad0   Section        0  _printf_fp_dec.o(.text)
    _fp_digits                               0x08002ad3   Thumb Code   432  _printf_fp_dec.o(.text)
    .text                                    0x08002eee   Section        0  _printf_char.o(.text)
    .text                                    0x08002f1a   Section        0  _printf_wchar.o(.text)
    .text                                    0x08002f46   Section        0  _wcrtomb.o(.text)
    .text                                    0x08002f88   Section        8  libspace.o(.text)
    .text                                    0x08002f90   Section       74  sys_stackheap_outer.o(.text)
    .text                                    0x08002fdc   Section       16  rt_ctype_table.o(.text)
    .text                                    0x08002fec   Section        8  rt_locale_intlibspace.o(.text)
    .text                                    0x08002ff4   Section        0  _printf_fp_infnan.o(.text)
    .text                                    0x08003074   Section        0  bigflt0.o(.text)
    .text                                    0x08003158   Section        0  exit.o(.text)
    .text                                    0x0800316c   Section      128  strcmpv7m.o(.text)
    CL$$btod_d2e                             0x080031ec   Section       62  btod.o(CL$$btod_d2e)
    CL$$btod_d2e_denorm_low                  0x0800322a   Section       70  btod.o(CL$$btod_d2e_denorm_low)
    CL$$btod_d2e_norm_op1                    0x08003270   Section       96  btod.o(CL$$btod_d2e_norm_op1)
    CL$$btod_div_common                      0x080032d0   Section      824  btod.o(CL$$btod_div_common)
    CL$$btod_e2e                             0x08003608   Section      220  btod.o(CL$$btod_e2e)
    CL$$btod_ediv                            0x080036e4   Section       42  btod.o(CL$$btod_ediv)
    CL$$btod_emul                            0x0800370e   Section       42  btod.o(CL$$btod_emul)
    CL$$btod_mult_common                     0x08003738   Section      580  btod.o(CL$$btod_mult_common)
    i.__ARM_fpclassify                       0x0800397c   Section        0  fpclassify.o(i.__ARM_fpclassify)
    i.__ieee754_rem_pio2                     0x080039a4   Section        0  rred.o(i.__ieee754_rem_pio2)
    i.__kernel_cos                           0x08003d2c   Section        0  cos_i.o(i.__kernel_cos)
    i.__kernel_poly                          0x08003e28   Section        0  poly.o(i.__kernel_poly)
    i.__kernel_sin                           0x08003ed4   Section        0  sin_i.o(i.__kernel_sin)
    i.__mathlib_dbl_infnan                   0x08003fc0   Section        0  dunder.o(i.__mathlib_dbl_infnan)
    i.__mathlib_dbl_invalid                  0x08003fc6   Section        0  dunder.o(i.__mathlib_dbl_invalid)
    i.__mathlib_dbl_underflow                0x08003fd4   Section        0  dunder.o(i.__mathlib_dbl_underflow)
    i._is_digit                              0x08003fe4   Section        0  __printf_wp.o(i._is_digit)
    i.sin                                    0x08003ff4   Section        0  sin.o(i.sin)
    locale$$code                             0x08004094   Section       44  lc_numeric_c.o(locale$$code)
    locale$$code                             0x080040c0   Section       44  lc_ctype_c.o(locale$$code)
    x$fpl$dadd                               0x080040ec   Section      336  daddsub_clz.o(x$fpl$dadd)
    _dadd1                                   0x080040fd   Thumb Code     0  daddsub_clz.o(x$fpl$dadd)
    x$fpl$dcheck1                            0x0800423c   Section       16  dcheck1.o(x$fpl$dcheck1)
    x$fpl$ddiv                               0x0800424c   Section      688  ddiv.o(x$fpl$ddiv)
    ddiv_entry                               0x08004253   Thumb Code     0  ddiv.o(x$fpl$ddiv)
    x$fpl$dfix                               0x080044fc   Section       94  dfix.o(x$fpl$dfix)
    x$fpl$dflt                               0x0800455a   Section       46  dflt_clz.o(x$fpl$dflt)
    x$fpl$dfltu                              0x08004588   Section       38  dflt_clz.o(x$fpl$dfltu)
    x$fpl$dmul                               0x080045b0   Section      340  dmul.o(x$fpl$dmul)
    x$fpl$dnaninf                            0x08004704   Section      156  dnaninf.o(x$fpl$dnaninf)
    x$fpl$dretinf                            0x080047a0   Section       12  dretinf.o(x$fpl$dretinf)
    x$fpl$drsb                               0x080047ac   Section       22  daddsub_clz.o(x$fpl$drsb)
    x$fpl$dsub                               0x080047c4   Section      468  daddsub_clz.o(x$fpl$dsub)
    _dsub1                                   0x080047d5   Thumb Code     0  daddsub_clz.o(x$fpl$dsub)
    x$fpl$f2d                                0x08004998   Section       86  f2d.o(x$fpl$f2d)
    x$fpl$fdiv                               0x080049f0   Section      388  fdiv.o(x$fpl$fdiv)
    _fdiv1                                   0x080049f1   Thumb Code     0  fdiv.o(x$fpl$fdiv)
    x$fpl$ffltu                              0x08004b74   Section       38  fflt_clz.o(x$fpl$ffltu)
    x$fpl$fnaninf                            0x08004b9a   Section      140  fnaninf.o(x$fpl$fnaninf)
    x$fpl$fretinf                            0x08004c26   Section       10  fretinf.o(x$fpl$fretinf)
    x$fpl$printf1                            0x08004c30   Section        4  printf1.o(x$fpl$printf1)
    x$fpl$retnan                             0x08004c34   Section      100  retnan.o(x$fpl$retnan)
    x$fpl$scalbn                             0x08004c98   Section       92  scalbn.o(x$fpl$scalbn)
    x$fpl$trapveneer                         0x08004cf4   Section       48  trapv.o(x$fpl$trapveneer)
    .constdata                               0x08004d24   Section        8  _printf_wctomb.o(.constdata)
    x$fpl$usenofp                            0x08004d24   Section        0  usenofp.o(x$fpl$usenofp)
    initial_mbstate                          0x08004d24   Data           8  _printf_wctomb.o(.constdata)
    .constdata                               0x08004d2c   Section       40  _printf_hex_int_ll_ptr.o(.constdata)
    uc_hextab                                0x08004d2c   Data          20  _printf_hex_int_ll_ptr.o(.constdata)
    lc_hextab                                0x08004d40   Data          20  _printf_hex_int_ll_ptr.o(.constdata)
    .constdata                               0x08004d54   Section       17  __printf_flags_ss_wp.o(.constdata)
    maptable                                 0x08004d54   Data          17  __printf_flags_ss_wp.o(.constdata)
    .constdata                               0x08004d68   Section       48  cos_i.o(.constdata)
    C                                        0x08004d68   Data          48  cos_i.o(.constdata)
    .constdata                               0x08004d98   Section      200  rred.o(.constdata)
    pio2s                                    0x08004d98   Data          48  rred.o(.constdata)
    twooverpi                                0x08004dc8   Data         152  rred.o(.constdata)
    .constdata                               0x08004e60   Section       40  sin_i.o(.constdata)
    S                                        0x08004e60   Data          40  sin_i.o(.constdata)
    .constdata                               0x08004e88   Section      148  bigflt0.o(.constdata)
    tenpwrs_x                                0x08004e88   Data          60  bigflt0.o(.constdata)
    tenpwrs_i                                0x08004ec4   Data          64  bigflt0.o(.constdata)
    locale$$data                             0x08004f3c   Section       28  lc_numeric_c.o(locale$$data)
    __lcnum_c_name                           0x08004f40   Data           2  lc_numeric_c.o(locale$$data)
    __lcnum_c_start                          0x08004f48   Data           0  lc_numeric_c.o(locale$$data)
    __lcnum_c_point                          0x08004f54   Data           0  lc_numeric_c.o(locale$$data)
    __lcnum_c_thousands                      0x08004f56   Data           0  lc_numeric_c.o(locale$$data)
    __lcnum_c_grouping                       0x08004f57   Data           0  lc_numeric_c.o(locale$$data)
    locale$$data                             0x08004f58   Section      272  lc_ctype_c.o(locale$$data)
    __lcnum_c_end                            0x08004f58   Data           0  lc_numeric_c.o(locale$$data)
    __lcctype_c_name                         0x08004f5c   Data           2  lc_ctype_c.o(locale$$data)
    __lcctype_c_start                        0x08004f64   Data           0  lc_ctype_c.o(locale$$data)
    __lcctype_c_end                          0x08005068   Data           0  lc_ctype_c.o(locale$$data)
    .data                                    0x20000000   Section       20  system_stm32f10x.o(.data)
    .data                                    0x20000014   Section       39  w5500.o(.data)
    .data                                    0x2000003c   Section        4  delay.o(.data)
    fac_us                                   0x2000003c   Data           1  delay.o(.data)
    fac_ms                                   0x2000003e   Data           2  delay.o(.data)
    .data                                    0x20000040   Section       20  stm32f10x_rcc.o(.data)
    APBAHBPrescTable                         0x20000040   Data          16  stm32f10x_rcc.o(.data)
    ADCPrescTable                            0x20000050   Data           4  stm32f10x_rcc.o(.data)
    .bss                                     0x20000054   Section      300  w5500.o(.bss)
    .bss                                     0x20000180   Section       96  libspace.o(.bss)
    HEAP                                     0x200001e0   Section      512  startup_stm32f10x_md.o(HEAP)
    Heap_Mem                                 0x200001e0   Data         512  startup_stm32f10x_md.o(HEAP)
    STACK                                    0x200003e0   Section     1024  startup_stm32f10x_md.o(STACK)
    Stack_Mem                                0x200003e0   Data        1024  startup_stm32f10x_md.o(STACK)
    __initial_sp                             0x200007e0   Data           0  startup_stm32f10x_md.o(STACK)

    Global Symbols

    Symbol Name                              Value     Ov Type        Size  Object(Section)

    BuildAttributes$$THM_ISAv4$P$D$K$B$S$PE$A:L22UL41UL21$X:L11$S22US41US21$IEEE1$IW$USESV6$~STKCKD$USESV7$~SHL$OTIME$ROPI$IEEEX$EBA8$UX$STANDARDLIB$REQ8$PRES8$EABIv2 0x00000000   Number         0  anon$$obj.o ABSOLUTE
    __ARM_use_no_argv                        0x00000000   Number         0  main.o ABSOLUTE
    _printf_flags                            0x00000000   Number         0  printf_stubs.o ABSOLUTE
    _printf_return_value                     0x00000000   Number         0  printf_stubs.o ABSOLUTE
    _printf_sizespec                         0x00000000   Number         0  printf_stubs.o ABSOLUTE
    _printf_widthprec                        0x00000000   Number         0  printf_stubs.o ABSOLUTE
    __ARM_exceptions_init                     - Undefined Weak Reference
    __alloca_initialize                       - Undefined Weak Reference
    __arm_preinit_                            - Undefined Weak Reference
    __cpp_initialize__aeabi_                  - Undefined Weak Reference
    __cxa_finalize                            - Undefined Weak Reference
    __sigvec_lookup                           - Undefined Weak Reference
    _atexit_init                              - Undefined Weak Reference
    _call_atexit_fns                          - Undefined Weak Reference
    _clock_init                               - Undefined Weak Reference
    _fp_trap_init                             - Undefined Weak Reference
    _fp_trap_shutdown                         - Undefined Weak Reference
    _get_lc_collate                           - Undefined Weak Reference
    _get_lc_monetary                          - Undefined Weak Reference
    _get_lc_time                              - Undefined Weak Reference
    _getenv_init                              - Undefined Weak Reference
    _handle_redirection                       - Undefined Weak Reference
    _init_alloc                               - Undefined Weak Reference
    _init_user_alloc                          - Undefined Weak Reference
    _initio                                   - Undefined Weak Reference
    _printf_fp_hex                            - Undefined Weak Reference
    _printf_mbtowc                            - Undefined Weak Reference
    _printf_wc                                - Undefined Weak Reference
    _rand_init                                - Undefined Weak Reference
    _signal_finish                            - Undefined Weak Reference
    _signal_init                              - Undefined Weak Reference
    _terminate_alloc                          - Undefined Weak Reference
    _terminate_user_alloc                     - Undefined Weak Reference
    _terminateio                              - Undefined Weak Reference
    __Vectors_Size                           0x000000ec   Number         0  startup_stm32f10x_md.o ABSOLUTE
    __Vectors                                0x08000000   Data           4  startup_stm32f10x_md.o(RESET)
    __Vectors_End                            0x080000ec   Data           0  startup_stm32f10x_md.o(RESET)
    __main                                   0x080000ed   Thumb Code     8  __main.o(!!!main)
    __scatterload                            0x080000f5   Thumb Code     0  __scatter.o(!!!scatter)
    __scatterload_rt2                        0x080000f5   Thumb Code    44  __scatter.o(!!!scatter)
    __scatterload_rt2_thumb_only             0x080000f5   Thumb Code     0  __scatter.o(!!!scatter)
    __scatterload_null                       0x08000103   Thumb Code     0  __scatter.o(!!!scatter)
    __scatterload_copy                       0x08000129   Thumb Code    26  __scatter_copy.o(!!handler_copy)
    __scatterload_zeroinit                   0x08000145   Thumb Code    28  __scatter_zi.o(!!handler_zi)
    _printf_n                                0x08000161   Thumb Code     0  _printf_n.o(.ARM.Collect$$_printf_percent$$00000001)
    _printf_percent                          0x08000161   Thumb Code     0  _printf_percent.o(.ARM.Collect$$_printf_percent$$00000000)
    _printf_p                                0x08000167   Thumb Code     0  _printf_p.o(.ARM.Collect$$_printf_percent$$00000002)
    _printf_f                                0x0800016d   Thumb Code     0  _printf_f.o(.ARM.Collect$$_printf_percent$$00000003)
    _printf_e                                0x08000173   Thumb Code     0  _printf_e.o(.ARM.Collect$$_printf_percent$$00000004)
    _printf_g                                0x08000179   Thumb Code     0  _printf_g.o(.ARM.Collect$$_printf_percent$$00000005)
    _printf_a                                0x0800017f   Thumb Code     0  _printf_a.o(.ARM.Collect$$_printf_percent$$00000006)
    _printf_ll                               0x08000185   Thumb Code     0  _printf_ll.o(.ARM.Collect$$_printf_percent$$00000007)
    _printf_i                                0x0800018f   Thumb Code     0  _printf_i.o(.ARM.Collect$$_printf_percent$$00000008)
    _printf_d                                0x08000195   Thumb Code     0  _printf_d.o(.ARM.Collect$$_printf_percent$$00000009)
    _printf_u                                0x0800019b   Thumb Code     0  _printf_u.o(.ARM.Collect$$_printf_percent$$0000000A)
    _printf_o                                0x080001a1   Thumb Code     0  _printf_o.o(.ARM.Collect$$_printf_percent$$0000000B)
    _printf_x                                0x080001a7   Thumb Code     0  _printf_x.o(.ARM.Collect$$_printf_percent$$0000000C)
    _printf_lli                              0x080001ad   Thumb Code     0  _printf_lli.o(.ARM.Collect$$_printf_percent$$0000000D)
    _printf_lld                              0x080001b3   Thumb Code     0  _printf_lld.o(.ARM.Collect$$_printf_percent$$0000000E)
    _printf_llu                              0x080001b9   Thumb Code     0  _printf_llu.o(.ARM.Collect$$_printf_percent$$0000000F)
    _printf_llo                              0x080001bf   Thumb Code     0  _printf_llo.o(.ARM.Collect$$_printf_percent$$00000010)
    _printf_llx                              0x080001c5   Thumb Code     0  _printf_llx.o(.ARM.Collect$$_printf_percent$$00000011)
    _printf_l                                0x080001cb   Thumb Code     0  _printf_l.o(.ARM.Collect$$_printf_percent$$00000012)
    _printf_c                                0x080001d5   Thumb Code     0  _printf_c.o(.ARM.Collect$$_printf_percent$$00000013)
    _printf_s                                0x080001db   Thumb Code     0  _printf_s.o(.ARM.Collect$$_printf_percent$$00000014)
    _printf_lc                               0x080001e1   Thumb Code     0  _printf_lc.o(.ARM.Collect$$_printf_percent$$00000015)
    _printf_ls                               0x080001e7   Thumb Code     0  _printf_ls.o(.ARM.Collect$$_printf_percent$$00000016)
    _printf_percent_end                      0x080001ed   Thumb Code     0  _printf_percent_end.o(.ARM.Collect$$_printf_percent$$00000017)
    __rt_lib_init                            0x080001f1   Thumb Code     0  libinit.o(.ARM.Collect$$libinit$$00000000)
    __rt_lib_init_fp_1                       0x080001f3   Thumb Code     0  libinit2.o(.ARM.Collect$$libinit$$00000002)
    __rt_lib_init_heap_1                     0x080001f3   Thumb Code     0  libinit2.o(.ARM.Collect$$libinit$$0000000A)
    __rt_lib_init_lc_common                  0x080001f3   Thumb Code     0  libinit2.o(.ARM.Collect$$libinit$$0000000F)
    __rt_lib_init_preinit_1                  0x080001f3   Thumb Code     0  libinit2.o(.ARM.Collect$$libinit$$00000004)
    __rt_lib_init_rand_1                     0x080001f3   Thumb Code     0  libinit2.o(.ARM.Collect$$libinit$$0000000E)
    __rt_lib_init_user_alloc_1               0x080001f3   Thumb Code     0  libinit2.o(.ARM.Collect$$libinit$$0000000C)
    __rt_lib_init_lc_collate_1               0x080001f9   Thumb Code     0  libinit2.o(.ARM.Collect$$libinit$$00000011)
    __rt_lib_init_lc_ctype_2                 0x080001f9   Thumb Code     0  libinit2.o(.ARM.Collect$$libinit$$00000012)
    __rt_lib_init_lc_ctype_1                 0x08000205   Thumb Code     0  libinit2.o(.ARM.Collect$$libinit$$00000013)
    __rt_lib_init_lc_monetary_1              0x08000205   Thumb Code     0  libinit2.o(.ARM.Collect$$libinit$$00000015)
    __rt_lib_init_lc_numeric_2               0x08000205   Thumb Code     0  libinit2.o(.ARM.Collect$$libinit$$00000016)
    __rt_lib_init_alloca_1                   0x0800020f   Thumb Code     0  libinit2.o(.ARM.Collect$$libinit$$0000002E)
    __rt_lib_init_argv_1                     0x0800020f   Thumb Code     0  libinit2.o(.ARM.Collect$$libinit$$0000002C)
    __rt_lib_init_atexit_1                   0x0800020f   Thumb Code     0  libinit2.o(.ARM.Collect$$libinit$$0000001B)
    __rt_lib_init_clock_1                    0x0800020f   Thumb Code     0  libinit2.o(.ARM.Collect$$libinit$$00000021)
    __rt_lib_init_cpp_1                      0x0800020f   Thumb Code     0  libinit2.o(.ARM.Collect$$libinit$$00000032)
    __rt_lib_init_exceptions_1               0x0800020f   Thumb Code     0  libinit2.o(.ARM.Collect$$libinit$$00000030)
    __rt_lib_init_fp_trap_1                  0x0800020f   Thumb Code     0  libinit2.o(.ARM.Collect$$libinit$$0000001F)
    __rt_lib_init_getenv_1                   0x0800020f   Thumb Code     0  libinit2.o(.ARM.Collect$$libinit$$00000023)
    __rt_lib_init_lc_numeric_1               0x0800020f   Thumb Code     0  libinit2.o(.ARM.Collect$$libinit$$00000017)
    __rt_lib_init_lc_time_1                  0x0800020f   Thumb Code     0  libinit2.o(.ARM.Collect$$libinit$$00000019)
    __rt_lib_init_return                     0x0800020f   Thumb Code     0  libinit2.o(.ARM.Collect$$libinit$$00000033)
    __rt_lib_init_signal_1                   0x0800020f   Thumb Code     0  libinit2.o(.ARM.Collect$$libinit$$0000001D)
    __rt_lib_init_stdio_1                    0x0800020f   Thumb Code     0  libinit2.o(.ARM.Collect$$libinit$$00000025)
    __rt_lib_shutdown                        0x08000211   Thumb Code     0  libshutdown.o(.ARM.Collect$$libshutdown$$00000000)
    __rt_lib_shutdown_cpp_1                  0x08000213   Thumb Code     0  libshutdown2.o(.ARM.Collect$$libshutdown$$00000002)
    __rt_lib_shutdown_fp_trap_1              0x08000213   Thumb Code     0  libshutdown2.o(.ARM.Collect$$libshutdown$$00000007)
    __rt_lib_shutdown_heap_1                 0x08000213   Thumb Code     0  libshutdown2.o(.ARM.Collect$$libshutdown$$0000000F)
    __rt_lib_shutdown_return                 0x08000213   Thumb Code     0  libshutdown2.o(.ARM.Collect$$libshutdown$$00000010)
    __rt_lib_shutdown_signal_1               0x08000213   Thumb Code     0  libshutdown2.o(.ARM.Collect$$libshutdown$$0000000A)
    __rt_lib_shutdown_stdio_1                0x08000213   Thumb Code     0  libshutdown2.o(.ARM.Collect$$libshutdown$$00000004)
    __rt_lib_shutdown_user_alloc_1           0x08000213   Thumb Code     0  libshutdown2.o(.ARM.Collect$$libshutdown$$0000000C)
    __rt_entry                               0x08000215   Thumb Code     0  __rtentry.o(.ARM.Collect$$rtentry$$00000000)
    __rt_entry_presh_1                       0x08000215   Thumb Code     0  __rtentry2.o(.ARM.Collect$$rtentry$$00000002)
    __rt_entry_sh                            0x08000215   Thumb Code     0  __rtentry4.o(.ARM.Collect$$rtentry$$00000004)
    __rt_entry_li                            0x0800021b   Thumb Code     0  __rtentry2.o(.ARM.Collect$$rtentry$$0000000A)
    __rt_entry_postsh_1                      0x0800021b   Thumb Code     0  __rtentry2.o(.ARM.Collect$$rtentry$$00000009)
    __rt_entry_main                          0x0800021f   Thumb Code     0  __rtentry2.o(.ARM.Collect$$rtentry$$0000000D)
    __rt_entry_postli_1                      0x0800021f   Thumb Code     0  __rtentry2.o(.ARM.Collect$$rtentry$$0000000C)
    __rt_exit                                0x08000227   Thumb Code     0  rtexit.o(.ARM.Collect$$rtexit$$00000000)
    __rt_exit_ls                             0x08000229   Thumb Code     0  rtexit2.o(.ARM.Collect$$rtexit$$00000003)
    __rt_exit_prels_1                        0x08000229   Thumb Code     0  rtexit2.o(.ARM.Collect$$rtexit$$00000002)
    __rt_exit_exit                           0x0800022d   Thumb Code     0  rtexit2.o(.ARM.Collect$$rtexit$$00000004)
    main                                     0x08000235   Thumb Code    96  main.o(.text)
    datarec_process                          0x08000295   Thumb Code    12  main.o(.text)
    NMI_Handler                              0x080002b5   Thumb Code     2  stm32f10x_it.o(.text)
    HardFault_Handler                        0x080002b7   Thumb Code     4  stm32f10x_it.o(.text)
    MemManage_Handler                        0x080002bb   Thumb Code     4  stm32f10x_it.o(.text)
    BusFault_Handler                         0x080002bf   Thumb Code     4  stm32f10x_it.o(.text)
    UsageFault_Handler                       0x080002c3   Thumb Code     4  stm32f10x_it.o(.text)
    SVC_Handler                              0x080002c7   Thumb Code     2  stm32f10x_it.o(.text)
    DebugMon_Handler                         0x080002c9   Thumb Code     2  stm32f10x_it.o(.text)
    PendSV_Handler                           0x080002cb   Thumb Code     2  stm32f10x_it.o(.text)
    SysTick_Handler                          0x080002cd   Thumb Code     2  stm32f10x_it.o(.text)
    SystemInit                               0x080003af   Thumb Code    78  system_stm32f10x.o(.text)
    SystemCoreClockUpdate                    0x080003fd   Thumb Code   142  system_stm32f10x.o(.text)
    clearBuffer                              0x080004b1   Thumb Code    24  w5500.o(.text)
    W5500_GPIO_Configuration                 0x080004c9   Thumb Code   100  w5500.o(.text)
    W5500_NVIC_Configuration                 0x0800052d   Thumb Code    32  w5500.o(.text)
    SPI1_Send_Byte                           0x0800054d   Thumb Code    28  w5500.o(.text)
    SPI1_Send_Short                          0x08000569   Thumb Code    28  w5500.o(.text)
    Read_W5500_1Byte                         0x08000585   Thumb Code    58  w5500.o(.text)
    Write_W5500_SOCK_1Byte                   0x080005bf   Thumb Code    54  w5500.o(.text)
    Write_W5500_SOCK_2Byte                   0x080005f5   Thumb Code    54  w5500.o(.text)
    Read_W5500_SOCK_2Byte                    0x0800062b   Thumb Code    94  w5500.o(.text)
    Read_SOCK_Data_Buffer                    0x08000689   Thumb Code   288  w5500.o(.text)
    Write_W5500_SOCK_4Byte                   0x080007a9   Thumb Code    80  w5500.o(.text)
    Socket_Init                              0x080007f9   Thumb Code   104  w5500.o(.text)
    Read_W5500_SOCK_1Byte                    0x08000861   Thumb Code    70  w5500.o(.text)
    W5500_Interrupt_Process                  0x080008a7   Thumb Code   316  w5500.o(.text)
    EXTI3_IRQHandler                         0x080009e3   Thumb Code    28  w5500.o(.text)
    SPI_Configuration                        0x080009ff   Thumb Code   154  w5500.o(.text)
    Write_W5500_1Byte                        0x08000a99   Thumb Code    42  w5500.o(.text)
    Write_W5500_2Byte                        0x08000ac3   Thumb Code    42  w5500.o(.text)
    Write_W5500_nByte                        0x08000aed   Thumb Code    62  w5500.o(.text)
    Write_SOCK_Data_Buffer                   0x08000b2b   Thumb Code   256  w5500.o(.text)
    Netprintf                                0x08000c2b   Thumb Code   264  w5500.o(.text)
    W5500_Hardware_Reset                     0x08000d33   Thumb Code    48  w5500.o(.text)
    W5500_Init                               0x08000d63   Thumb Code   128  w5500.o(.text)
    Detect_Gateway                           0x08000de3   Thumb Code   194  w5500.o(.text)
    Socket_Connect                           0x08000ea5   Thumb Code   102  w5500.o(.text)
    Socket_Listen                            0x08000f0b   Thumb Code   102  w5500.o(.text)
    Socket_UDP                               0x08000f71   Thumb Code    60  w5500.o(.text)
    W5500_Socket_Set                         0x08000fad   Thumb Code    98  w5500.o(.text)
    Load_Net_Parameters                      0x0800100f   Thumb Code   148  w5500.o(.text)
    W5500_Initialization                     0x080010a3   Thumb Code    38  w5500.o(.text)
    delay_init                               0x080010fd   Thumb Code    50  delay.o(.text)
    delay_us                                 0x0800112f   Thumb Code    72  delay.o(.text)
    delay_ms                                 0x08001177   Thumb Code    72  delay.o(.text)
    _sys_exit                                0x080011d1   Thumb Code     6  usart.o(.text)
    fputc                                    0x080011d7   Thumb Code    24  usart.o(.text)
    uart_init                                0x080011ef   Thumb Code   152  usart.o(.text)
    USART1_IRQHandler                        0x08001287   Thumb Code    24  usart.o(.text)
    Reset_Handler                            0x080012a9   Thumb Code     8  startup_stm32f10x_md.o(.text)
    ADC1_2_IRQHandler                        0x080012c3   Thumb Code     0  startup_stm32f10x_md.o(.text)
    CAN1_RX1_IRQHandler                      0x080012c3   Thumb Code     0  startup_stm32f10x_md.o(.text)
    CAN1_SCE_IRQHandler                      0x080012c3   Thumb Code     0  startup_stm32f10x_md.o(.text)
    DMA1_Channel1_IRQHandler                 0x080012c3   Thumb Code     0  startup_stm32f10x_md.o(.text)
    DMA1_Channel2_IRQHandler                 0x080012c3   Thumb Code     0  startup_stm32f10x_md.o(.text)
    DMA1_Channel3_IRQHandler                 0x080012c3   Thumb Code     0  startup_stm32f10x_md.o(.text)
    DMA1_Channel4_IRQHandler                 0x080012c3   Thumb Code     0  startup_stm32f10x_md.o(.text)
    DMA1_Channel5_IRQHandler                 0x080012c3   Thumb Code     0  startup_stm32f10x_md.o(.text)
    DMA1_Channel6_IRQHandler                 0x080012c3   Thumb Code     0  startup_stm32f10x_md.o(.text)
    DMA1_Channel7_IRQHandler                 0x080012c3   Thumb Code     0  startup_stm32f10x_md.o(.text)
    EXTI0_IRQHandler                         0x080012c3   Thumb Code     0  startup_stm32f10x_md.o(.text)
    EXTI15_10_IRQHandler                     0x080012c3   Thumb Code     0  startup_stm32f10x_md.o(.text)
    EXTI1_IRQHandler                         0x080012c3   Thumb Code     0  startup_stm32f10x_md.o(.text)
    EXTI2_IRQHandler                         0x080012c3   Thumb Code     0  startup_stm32f10x_md.o(.text)
    EXTI4_IRQHandler                         0x080012c3   Thumb Code     0  startup_stm32f10x_md.o(.text)
    EXTI9_5_IRQHandler                       0x080012c3   Thumb Code     0  startup_stm32f10x_md.o(.text)
    FLASH_IRQHandler                         0x080012c3   Thumb Code     0  startup_stm32f10x_md.o(.text)
    I2C1_ER_IRQHandler                       0x080012c3   Thumb Code     0  startup_stm32f10x_md.o(.text)
    I2C1_EV_IRQHandler                       0x080012c3   Thumb Code     0  startup_stm32f10x_md.o(.text)
    I2C2_ER_IRQHandler                       0x080012c3   Thumb Code     0  startup_stm32f10x_md.o(.text)
    I2C2_EV_IRQHandler                       0x080012c3   Thumb Code     0  startup_stm32f10x_md.o(.text)
    PVD_IRQHandler                           0x080012c3   Thumb Code     0  startup_stm32f10x_md.o(.text)
    RCC_IRQHandler                           0x080012c3   Thumb Code     0  startup_stm32f10x_md.o(.text)
    RTCAlarm_IRQHandler                      0x080012c3   Thumb Code     0  startup_stm32f10x_md.o(.text)
    RTC_IRQHandler                           0x080012c3   Thumb Code     0  startup_stm32f10x_md.o(.text)
    SPI1_IRQHandler                          0x080012c3   Thumb Code     0  startup_stm32f10x_md.o(.text)
    SPI2_IRQHandler                          0x080012c3   Thumb Code     0  startup_stm32f10x_md.o(.text)
    TAMPER_IRQHandler                        0x080012c3   Thumb Code     0  startup_stm32f10x_md.o(.text)
    TIM1_BRK_IRQHandler                      0x080012c3   Thumb Code     0  startup_stm32f10x_md.o(.text)
    TIM1_CC_IRQHandler                       0x080012c3   Thumb Code     0  startup_stm32f10x_md.o(.text)
    TIM1_TRG_COM_IRQHandler                  0x080012c3   Thumb Code     0  startup_stm32f10x_md.o(.text)
    TIM1_UP_IRQHandler                       0x080012c3   Thumb Code     0  startup_stm32f10x_md.o(.text)
    TIM2_IRQHandler                          0x080012c3   Thumb Code     0  startup_stm32f10x_md.o(.text)
    TIM3_IRQHandler                          0x080012c3   Thumb Code     0  startup_stm32f10x_md.o(.text)
    TIM4_IRQHandler                          0x080012c3   Thumb Code     0  startup_stm32f10x_md.o(.text)
    USART2_IRQHandler                        0x080012c3   Thumb Code     0  startup_stm32f10x_md.o(.text)
    USART3_IRQHandler                        0x080012c3   Thumb Code     0  startup_stm32f10x_md.o(.text)
    USBWakeUp_IRQHandler                     0x080012c3   Thumb Code     0  startup_stm32f10x_md.o(.text)
    USB_HP_CAN1_TX_IRQHandler                0x080012c3   Thumb Code     0  startup_stm32f10x_md.o(.text)
    USB_LP_CAN1_RX0_IRQHandler               0x080012c3   Thumb Code     0  startup_stm32f10x_md.o(.text)
    WWDG_IRQHandler                          0x080012c3   Thumb Code     0  startup_stm32f10x_md.o(.text)
    __user_initial_stackheap                 0x080012c5   Thumb Code     0  startup_stm32f10x_md.o(.text)
    GPIO_DeInit                              0x080012e9   Thumb Code   172  stm32f10x_gpio.o(.text)
    GPIO_AFIODeInit                          0x08001395   Thumb Code    20  stm32f10x_gpio.o(.text)
    GPIO_Init                                0x080013a9   Thumb Code   278  stm32f10x_gpio.o(.text)
    GPIO_StructInit                          0x080014bf   Thumb Code    16  stm32f10x_gpio.o(.text)
    GPIO_ReadInputDataBit                    0x080014cf   Thumb Code    18  stm32f10x_gpio.o(.text)
    GPIO_ReadInputData                       0x080014e1   Thumb Code     8  stm32f10x_gpio.o(.text)
    GPIO_ReadOutputDataBit                   0x080014e9   Thumb Code    18  stm32f10x_gpio.o(.text)
    GPIO_ReadOutputData                      0x080014fb   Thumb Code     8  stm32f10x_gpio.o(.text)
    GPIO_SetBits                             0x08001503   Thumb Code     4  stm32f10x_gpio.o(.text)
    GPIO_ResetBits                           0x08001507   Thumb Code     4  stm32f10x_gpio.o(.text)
    GPIO_WriteBit                            0x0800150b   Thumb Code    10  stm32f10x_gpio.o(.text)
    GPIO_Write                               0x08001515   Thumb Code     4  stm32f10x_gpio.o(.text)
    GPIO_PinLockConfig                       0x08001519   Thumb Code    18  stm32f10x_gpio.o(.text)
    GPIO_EventOutputConfig                   0x0800152b   Thumb Code    26  stm32f10x_gpio.o(.text)
    GPIO_EventOutputCmd                      0x08001545   Thumb Code     6  stm32f10x_gpio.o(.text)
    GPIO_PinRemapConfig                      0x0800154b   Thumb Code   138  stm32f10x_gpio.o(.text)
    GPIO_EXTILineConfig                      0x080015d5   Thumb Code    66  stm32f10x_gpio.o(.text)
    GPIO_ETH_MediaInterfaceConfig            0x08001617   Thumb Code     8  stm32f10x_gpio.o(.text)
    RCC_DeInit                               0x08001645   Thumb Code    64  stm32f10x_rcc.o(.text)
    RCC_HSEConfig                            0x08001685   Thumb Code    70  stm32f10x_rcc.o(.text)
    RCC_GetFlagStatus                        0x080016cb   Thumb Code    56  stm32f10x_rcc.o(.text)
    RCC_WaitForHSEStartUp                    0x08001703   Thumb Code    56  stm32f10x_rcc.o(.text)
    RCC_AdjustHSICalibrationValue            0x0800173b   Thumb Code    20  stm32f10x_rcc.o(.text)
    RCC_HSICmd                               0x0800174f   Thumb Code     6  stm32f10x_rcc.o(.text)
    RCC_PLLConfig                            0x08001755   Thumb Code    24  stm32f10x_rcc.o(.text)
    RCC_PLLCmd                               0x0800176d   Thumb Code     6  stm32f10x_rcc.o(.text)
    RCC_SYSCLKConfig                         0x08001773   Thumb Code    18  stm32f10x_rcc.o(.text)
    RCC_GetSYSCLKSource                      0x08001785   Thumb Code    10  stm32f10x_rcc.o(.text)
    RCC_HCLKConfig                           0x0800178f   Thumb Code    18  stm32f10x_rcc.o(.text)
    RCC_PCLK1Config                          0x080017a1   Thumb Code    18  stm32f10x_rcc.o(.text)
    RCC_PCLK2Config                          0x080017b3   Thumb Code    20  stm32f10x_rcc.o(.text)
    RCC_ITConfig                             0x080017c7   Thumb Code    26  stm32f10x_rcc.o(.text)
    RCC_USBCLKConfig                         0x080017e1   Thumb Code     8  stm32f10x_rcc.o(.text)
    RCC_ADCCLKConfig                         0x080017e9   Thumb Code    18  stm32f10x_rcc.o(.text)
    RCC_LSEConfig                            0x080017fb   Thumb Code    50  stm32f10x_rcc.o(.text)
    RCC_LSICmd                               0x0800182d   Thumb Code     6  stm32f10x_rcc.o(.text)
    RCC_RTCCLKConfig                         0x08001833   Thumb Code    12  stm32f10x_rcc.o(.text)
    RCC_RTCCLKCmd                            0x0800183f   Thumb Code     8  stm32f10x_rcc.o(.text)
    RCC_GetClocksFreq                        0x08001847   Thumb Code   192  stm32f10x_rcc.o(.text)
    RCC_AHBPeriphClockCmd                    0x08001907   Thumb Code    26  stm32f10x_rcc.o(.text)
    RCC_APB2PeriphClockCmd                   0x08001921   Thumb Code    26  stm32f10x_rcc.o(.text)
    RCC_APB1PeriphClockCmd                   0x0800193b   Thumb Code    26  stm32f10x_rcc.o(.text)
    RCC_APB2PeriphResetCmd                   0x08001955   Thumb Code    26  stm32f10x_rcc.o(.text)
    RCC_APB1PeriphResetCmd                   0x0800196f   Thumb Code    26  stm32f10x_rcc.o(.text)
    RCC_BackupResetCmd                       0x08001989   Thumb Code     8  stm32f10x_rcc.o(.text)
    RCC_ClockSecuritySystemCmd               0x08001991   Thumb Code     6  stm32f10x_rcc.o(.text)
    RCC_MCOConfig                            0x08001997   Thumb Code     6  stm32f10x_rcc.o(.text)
    RCC_ClearFlag                            0x0800199d   Thumb Code    14  stm32f10x_rcc.o(.text)
    RCC_GetITStatus                          0x080019ab   Thumb Code    20  stm32f10x_rcc.o(.text)
    RCC_ClearITPendingBit                    0x080019bf   Thumb Code     6  stm32f10x_rcc.o(.text)
    USART_DeInit                             0x080019e9   Thumb Code   134  stm32f10x_usart.o(.text)
    USART_Init                               0x08001a6f   Thumb Code   210  stm32f10x_usart.o(.text)
    USART_StructInit                         0x08001b41   Thumb Code    24  stm32f10x_usart.o(.text)
    USART_ClockInit                          0x08001b59   Thumb Code    34  stm32f10x_usart.o(.text)
    USART_ClockStructInit                    0x08001b7b   Thumb Code    12  stm32f10x_usart.o(.text)
    USART_Cmd                                0x08001b87   Thumb Code    24  stm32f10x_usart.o(.text)
    USART_ITConfig                           0x08001b9f   Thumb Code    74  stm32f10x_usart.o(.text)
    USART_DMACmd                             0x08001be9   Thumb Code    18  stm32f10x_usart.o(.text)
    USART_SetAddress                         0x08001bfb   Thumb Code    18  stm32f10x_usart.o(.text)
    USART_WakeUpConfig                       0x08001c0d   Thumb Code    18  stm32f10x_usart.o(.text)
    USART_ReceiverWakeUpCmd                  0x08001c1f   Thumb Code    24  stm32f10x_usart.o(.text)
    USART_LINBreakDetectLengthConfig         0x08001c37   Thumb Code    18  stm32f10x_usart.o(.text)
    USART_LINCmd                             0x08001c49   Thumb Code    24  stm32f10x_usart.o(.text)
    USART_SendData                           0x08001c61   Thumb Code     8  stm32f10x_usart.o(.text)
    USART_ReceiveData                        0x08001c69   Thumb Code    10  stm32f10x_usart.o(.text)
    USART_SendBreak                          0x08001c73   Thumb Code    10  stm32f10x_usart.o(.text)
    USART_SetGuardTime                       0x08001c7d   Thumb Code    16  stm32f10x_usart.o(.text)
    USART_SetPrescaler                       0x08001c8d   Thumb Code    16  stm32f10x_usart.o(.text)
    USART_SmartCardCmd                       0x08001c9d   Thumb Code    24  stm32f10x_usart.o(.text)
    USART_SmartCardNACKCmd                   0x08001cb5   Thumb Code    24  stm32f10x_usart.o(.text)
    USART_HalfDuplexCmd                      0x08001ccd   Thumb Code    24  stm32f10x_usart.o(.text)
    USART_OverSampling8Cmd                   0x08001ce5   Thumb Code    22  stm32f10x_usart.o(.text)
    USART_OneBitMethodCmd                    0x08001cfb   Thumb Code    24  stm32f10x_usart.o(.text)
    USART_IrDAConfig                         0x08001d13   Thumb Code    18  stm32f10x_usart.o(.text)
    USART_IrDACmd                            0x08001d25   Thumb Code    24  stm32f10x_usart.o(.text)
    USART_GetFlagStatus                      0x08001d3d   Thumb Code    26  stm32f10x_usart.o(.text)
    USART_ClearFlag                          0x08001d57   Thumb Code    18  stm32f10x_usart.o(.text)
    USART_GetITStatus                        0x08001d69   Thumb Code    84  stm32f10x_usart.o(.text)
    USART_ClearITPendingBit                  0x08001dbd   Thumb Code    52  stm32f10x_usart.o(.text)
    NVIC_PriorityGroupConfig                 0x08001df1   Thumb Code    10  misc.o(.text)
    NVIC_Init                                0x08001dfb   Thumb Code   100  misc.o(.text)
    NVIC_SetVectorTable                      0x08001e5f   Thumb Code    14  misc.o(.text)
    NVIC_SystemLPConfig                      0x08001e6d   Thumb Code    34  misc.o(.text)
    SysTick_CLKSourceConfig                  0x08001e8f   Thumb Code    40  misc.o(.text)
    SPI_I2S_DeInit                           0x08001ecd   Thumb Code    76  stm32f10x_spi.o(.text)
    SPI_Init                                 0x08001f19   Thumb Code    60  stm32f10x_spi.o(.text)
    I2S_Init                                 0x08001f55   Thumb Code   226  stm32f10x_spi.o(.text)
    SPI_StructInit                           0x08002037   Thumb Code    24  stm32f10x_spi.o(.text)
    I2S_StructInit                           0x0800204f   Thumb Code    20  stm32f10x_spi.o(.text)
    SPI_Cmd                                  0x08002063   Thumb Code    24  stm32f10x_spi.o(.text)
    I2S_Cmd                                  0x0800207b   Thumb Code    24  stm32f10x_spi.o(.text)
    SPI_I2S_ITConfig                         0x08002093   Thumb Code    32  stm32f10x_spi.o(.text)
    SPI_I2S_DMACmd                           0x080020b3   Thumb Code    18  stm32f10x_spi.o(.text)
    SPI_I2S_SendData                         0x080020c5   Thumb Code     4  stm32f10x_spi.o(.text)
    SPI_I2S_ReceiveData                      0x080020c9   Thumb Code     6  stm32f10x_spi.o(.text)
    SPI_NSSInternalSoftwareConfig            0x080020cf   Thumb Code    30  stm32f10x_spi.o(.text)
    SPI_SSOutputCmd                          0x080020ed   Thumb Code    24  stm32f10x_spi.o(.text)
    SPI_DataSizeConfig                       0x08002105   Thumb Code    18  stm32f10x_spi.o(.text)
    SPI_TransmitCRC                          0x08002117   Thumb Code    10  stm32f10x_spi.o(.text)
    SPI_CalculateCRC                         0x08002121   Thumb Code    24  stm32f10x_spi.o(.text)
    SPI_GetCRC                               0x08002139   Thumb Code    16  stm32f10x_spi.o(.text)
    SPI_GetCRCPolynomial                     0x08002149   Thumb Code     6  stm32f10x_spi.o(.text)
    SPI_BiDirectionalLineConfig              0x0800214f   Thumb Code    28  stm32f10x_spi.o(.text)
    SPI_I2S_GetFlagStatus                    0x0800216b   Thumb Code    18  stm32f10x_spi.o(.text)
    SPI_I2S_ClearFlag                        0x0800217d   Thumb Code     6  stm32f10x_spi.o(.text)
    SPI_I2S_GetITStatus                      0x08002183   Thumb Code    52  stm32f10x_spi.o(.text)
    SPI_I2S_ClearITPendingBit                0x080021b7   Thumb Code    20  stm32f10x_spi.o(.text)
    EXTI_DeInit                              0x080021d9   Thumb Code    28  stm32f10x_exti.o(.text)
    EXTI_Init                                0x080021f5   Thumb Code   142  stm32f10x_exti.o(.text)
    EXTI_StructInit                          0x08002283   Thumb Code    16  stm32f10x_exti.o(.text)
    EXTI_GenerateSWInterrupt                 0x08002293   Thumb Code    16  stm32f10x_exti.o(.text)
    EXTI_GetFlagStatus                       0x080022a3   Thumb Code    22  stm32f10x_exti.o(.text)
    EXTI_ClearFlag                           0x080022b9   Thumb Code     8  stm32f10x_exti.o(.text)
    EXTI_GetITStatus                         0x080022c1   Thumb Code    34  stm32f10x_exti.o(.text)
    EXTI_ClearITPendingBit                   0x080022e3   Thumb Code     8  stm32f10x_exti.o(.text)
    __use_no_semihosting                     0x080022f5   Thumb Code     2  use_no_semi_2.o(.text)
    __c89vsprintf                            0x080022f9   Thumb Code    32  c89vsprintf.o(.text)
    __aeabi_memcpy                           0x0800231d   Thumb Code     0  rt_memcpy_v6.o(.text)
    __rt_memcpy                              0x0800231d   Thumb Code   138  rt_memcpy_v6.o(.text)
    _memcpy_lastbytes                        0x08002383   Thumb Code     0  rt_memcpy_v6.o(.text)
    __use_two_region_memory                  0x080023a7   Thumb Code     2  heapauxi.o(.text)
    __rt_heap_escrow$2region                 0x080023a9   Thumb Code     2  heapauxi.o(.text)
    __rt_heap_expand$2region                 0x080023ab   Thumb Code     2  heapauxi.o(.text)
    __I$use$semihosting                      0x080023ad   Thumb Code     0  use_no_semi.o(.text)
    __use_no_semihosting_swi                 0x080023ad   Thumb Code     2  use_no_semi.o(.text)
    __read_errno                             0x080023af   Thumb Code    10  _rserrno.o(.text)
    __set_errno                              0x080023b9   Thumb Code    12  _rserrno.o(.text)
    _printf_pre_padding                      0x080023c5   Thumb Code    44  _printf_pad.o(.text)
    _printf_post_padding                     0x080023f1   Thumb Code    34  _printf_pad.o(.text)
    _printf_truncate_signed                  0x08002413   Thumb Code    18  _printf_truncate.o(.text)
    _printf_truncate_unsigned                0x08002425   Thumb Code    18  _printf_truncate.o(.text)
    _printf_str                              0x08002437   Thumb Code    82  _printf_str.o(.text)
    _printf_int_dec                          0x08002489   Thumb Code   104  _printf_dec.o(.text)
    _printf_charcount                        0x08002501   Thumb Code    40  _printf_charcount.o(.text)
    _printf_char_common                      0x08002533   Thumb Code    32  _printf_char_common.o(.text)
    _sputc                                   0x08002559   Thumb Code    10  _sputc.o(.text)
    _printf_wctomb                           0x08002565   Thumb Code   182  _printf_wctomb.o(.text)
    _printf_longlong_dec                     0x08002621   Thumb Code   108  _printf_longlong_dec.o(.text)
    _printf_longlong_oct                     0x0800269d   Thumb Code    66  _printf_oct_int_ll.o(.text)
    _printf_int_oct                          0x080026df   Thumb Code    24  _printf_oct_int_ll.o(.text)
    _printf_ll_oct                           0x080026f7   Thumb Code    12  _printf_oct_int_ll.o(.text)
    _printf_longlong_hex                     0x0800270d   Thumb Code    86  _printf_hex_int_ll_ptr.o(.text)
    _printf_int_hex                          0x08002763   Thumb Code    28  _printf_hex_int_ll_ptr.o(.text)
    _printf_ll_hex                           0x0800277f   Thumb Code    12  _printf_hex_int_ll_ptr.o(.text)
    _printf_hex_ptr                          0x0800278b   Thumb Code    18  _printf_hex_int_ll_ptr.o(.text)
    __printf                                 0x080027a1   Thumb Code   388  __printf_flags_ss_wp.o(.text)
    __aeabi_memcpy4                          0x08002929   Thumb Code     0  rt_memcpy_w.o(.text)
    __aeabi_memcpy8                          0x08002929   Thumb Code     0  rt_memcpy_w.o(.text)
    __rt_memcpy_w                            0x08002929   Thumb Code   100  rt_memcpy_w.o(.text)
    _memcpy_lastbytes_aligned                0x08002971   Thumb Code     0  rt_memcpy_w.o(.text)
    __aeabi_errno_addr                       0x0800298d   Thumb Code     8  rt_errno_addr_intlibspace.o(.text)
    __errno$intlibspace                      0x0800298d   Thumb Code     0  rt_errno_addr_intlibspace.o(.text)
    __rt_errno_addr$intlibspace              0x0800298d   Thumb Code     0  rt_errno_addr_intlibspace.o(.text)
    _ll_udiv10                               0x08002995   Thumb Code   138  lludiv10.o(.text)
    _printf_int_common                       0x08002a1f   Thumb Code   178  _printf_intcommon.o(.text)
    __lib_sel_fp_printf                      0x08002ad1   Thumb Code     2  _printf_fp_dec.o(.text)
    _printf_fp_dec_real                      0x08002c83   Thumb Code   620  _printf_fp_dec.o(.text)
    _printf_cs_common                        0x08002eef   Thumb Code    20  _printf_char.o(.text)
    _printf_char                             0x08002f03   Thumb Code    16  _printf_char.o(.text)
    _printf_string                           0x08002f13   Thumb Code     8  _printf_char.o(.text)
    _printf_lcs_common                       0x08002f1b   Thumb Code    20  _printf_wchar.o(.text)
    _printf_wchar                            0x08002f2f   Thumb Code    16  _printf_wchar.o(.text)
    _printf_wstring                          0x08002f3f   Thumb Code     8  _printf_wchar.o(.text)
    _wcrtomb                                 0x08002f47   Thumb Code    64  _wcrtomb.o(.text)
    __user_libspace                          0x08002f89   Thumb Code     8  libspace.o(.text)
    __user_perproc_libspace                  0x08002f89   Thumb Code     0  libspace.o(.text)
    __user_perthread_libspace                0x08002f89   Thumb Code     0  libspace.o(.text)
    __user_setup_stackheap                   0x08002f91   Thumb Code    74  sys_stackheap_outer.o(.text)
    __rt_ctype_table                         0x08002fdd   Thumb Code    16  rt_ctype_table.o(.text)
    __rt_locale                              0x08002fed   Thumb Code     8  rt_locale_intlibspace.o(.text)
    _printf_fp_infnan                        0x08002ff5   Thumb Code   112  _printf_fp_infnan.o(.text)
    _btod_etento                             0x08003075   Thumb Code   224  bigflt0.o(.text)
    exit                                     0x08003159   Thumb Code    18  exit.o(.text)
    strcmp                                   0x0800316d   Thumb Code   128  strcmpv7m.o(.text)
    _btod_d2e                                0x080031ed   Thumb Code    62  btod.o(CL$$btod_d2e)
    _d2e_denorm_low                          0x0800322b   Thumb Code    70  btod.o(CL$$btod_d2e_denorm_low)
    _d2e_norm_op1                            0x08003271   Thumb Code    96  btod.o(CL$$btod_d2e_norm_op1)
    __btod_div_common                        0x080032d1   Thumb Code   696  btod.o(CL$$btod_div_common)
    _e2e                                     0x08003609   Thumb Code   220  btod.o(CL$$btod_e2e)
    _btod_ediv                               0x080036e5   Thumb Code    42  btod.o(CL$$btod_ediv)
    _btod_emul                               0x0800370f   Thumb Code    42  btod.o(CL$$btod_emul)
    __btod_mult_common                       0x08003739   Thumb Code   580  btod.o(CL$$btod_mult_common)
    __ARM_fpclassify                         0x0800397d   Thumb Code    40  fpclassify.o(i.__ARM_fpclassify)
    __ieee754_rem_pio2                       0x080039a5   Thumb Code   828  rred.o(i.__ieee754_rem_pio2)
    __kernel_cos                             0x08003d2d   Thumb Code   230  cos_i.o(i.__kernel_cos)
    __kernel_poly                            0x08003e29   Thumb Code   170  poly.o(i.__kernel_poly)
    __kernel_sin                             0x08003ed5   Thumb Code   224  sin_i.o(i.__kernel_sin)
    __mathlib_dbl_infnan                     0x08003fc1   Thumb Code     6  dunder.o(i.__mathlib_dbl_infnan)
    __mathlib_dbl_invalid                    0x08003fc7   Thumb Code    12  dunder.o(i.__mathlib_dbl_invalid)
    __mathlib_dbl_underflow                  0x08003fd5   Thumb Code    10  dunder.o(i.__mathlib_dbl_underflow)
    _is_digit                                0x08003fe5   Thumb Code    14  __printf_wp.o(i._is_digit)
    sin                                      0x08003ff5   Thumb Code   150  sin.o(i.sin)
    _get_lc_numeric                          0x08004095   Thumb Code    44  lc_numeric_c.o(locale$$code)
    _get_lc_ctype                            0x080040c1   Thumb Code    44  lc_ctype_c.o(locale$$code)
    __aeabi_dadd                             0x080040ed   Thumb Code     0  daddsub_clz.o(x$fpl$dadd)
    _dadd                                    0x080040ed   Thumb Code   332  daddsub_clz.o(x$fpl$dadd)
    __fpl_dcheck_NaN1                        0x0800423d   Thumb Code    10  dcheck1.o(x$fpl$dcheck1)
    __aeabi_ddiv                             0x0800424d   Thumb Code     0  ddiv.o(x$fpl$ddiv)
    _ddiv                                    0x0800424d   Thumb Code   552  ddiv.o(x$fpl$ddiv)
    __aeabi_d2iz                             0x080044fd   Thumb Code     0  dfix.o(x$fpl$dfix)
    _dfix                                    0x080044fd   Thumb Code    94  dfix.o(x$fpl$dfix)
    __aeabi_i2d                              0x0800455b   Thumb Code     0  dflt_clz.o(x$fpl$dflt)
    _dflt                                    0x0800455b   Thumb Code    46  dflt_clz.o(x$fpl$dflt)
    __aeabi_ui2d                             0x08004589   Thumb Code     0  dflt_clz.o(x$fpl$dfltu)
    _dfltu                                   0x08004589   Thumb Code    38  dflt_clz.o(x$fpl$dfltu)
    __aeabi_dmul                             0x080045b1   Thumb Code     0  dmul.o(x$fpl$dmul)
    _dmul                                    0x080045b1   Thumb Code   332  dmul.o(x$fpl$dmul)
    __fpl_dnaninf                            0x08004705   Thumb Code   156  dnaninf.o(x$fpl$dnaninf)
    __fpl_dretinf                            0x080047a1   Thumb Code    12  dretinf.o(x$fpl$dretinf)
    __aeabi_drsub                            0x080047ad   Thumb Code     0  daddsub_clz.o(x$fpl$drsb)
    _drsb                                    0x080047ad   Thumb Code    22  daddsub_clz.o(x$fpl$drsb)
    __aeabi_dsub                             0x080047c5   Thumb Code     0  daddsub_clz.o(x$fpl$dsub)
    _dsub                                    0x080047c5   Thumb Code   464  daddsub_clz.o(x$fpl$dsub)
    __aeabi_f2d                              0x08004999   Thumb Code     0  f2d.o(x$fpl$f2d)
    _f2d                                     0x08004999   Thumb Code    86  f2d.o(x$fpl$f2d)
    __aeabi_fdiv                             0x080049f1   Thumb Code     0  fdiv.o(x$fpl$fdiv)
    _fdiv                                    0x080049f1   Thumb Code   384  fdiv.o(x$fpl$fdiv)
    __aeabi_ui2f                             0x08004b75   Thumb Code     0  fflt_clz.o(x$fpl$ffltu)
    _ffltu                                   0x08004b75   Thumb Code    38  fflt_clz.o(x$fpl$ffltu)
    __fpl_fnaninf                            0x08004b9b   Thumb Code   140  fnaninf.o(x$fpl$fnaninf)
    __fpl_fretinf                            0x08004c27   Thumb Code    10  fretinf.o(x$fpl$fretinf)
    _printf_fp_dec                           0x08004c31   Thumb Code     4  printf1.o(x$fpl$printf1)
    __fpl_return_NaN                         0x08004c35   Thumb Code   100  retnan.o(x$fpl$retnan)
    __ARM_scalbn                             0x08004c99   Thumb Code    92  scalbn.o(x$fpl$scalbn)
    __fpl_cmpreturn                          0x08004cf5   Thumb Code    48  trapv.o(x$fpl$trapveneer)
    __I$use$fp                               0x08004d24   Number         0  usenofp.o(x$fpl$usenofp)
    Region$$Table$$Base                      0x08004f1c   Number         0  anon$$obj.o(Region$$Table)
    Region$$Table$$Limit                     0x08004f3c   Number         0  anon$$obj.o(Region$$Table)
    __ctype                                  0x08004f65   Data           0  lc_ctype_c.o(locale$$data)
    SystemCoreClock                          0x20000000   Data           4  system_stm32f10x.o(.data)
    AHBPrescTable                            0x20000004   Data          16  system_stm32f10x.o(.data)
    Gateway_IP                               0x20000014   Data           4  w5500.o(.data)
    Sub_Mask                                 0x20000018   Data           4  w5500.o(.data)
    Phy_Addr                                 0x2000001c   Data           6  w5500.o(.data)
    IP_Addr                                  0x20000022   Data           4  w5500.o(.data)
    S0_Port                                  0x20000026   Data           2  w5500.o(.data)
    S0_DIP                                   0x20000028   Data           4  w5500.o(.data)
    S0_DPort                                 0x2000002c   Data           2  w5500.o(.data)
    UDP_DIPR                                 0x2000002e   Data           4  w5500.o(.data)
    UDP_DPORT                                0x20000032   Data           2  w5500.o(.data)
    S0_Mode                                  0x20000034   Data           1  w5500.o(.data)
    S0_State                                 0x20000035   Data           1  w5500.o(.data)
    S0_Data                                  0x20000036   Data           1  w5500.o(.data)
    Rx_size                                  0x20000037   Data           1  w5500.o(.data)
    Tx_size                                  0x20000038   Data           1  w5500.o(.data)
    W5500_Interrupt                          0x20000039   Data           1  w5500.o(.data)
    TCP_Client_Con                           0x2000003a   Data           1  w5500.o(.data)
    Rx_Buffer                                0x20000054   Data         100  w5500.o(.bss)
    Tx_Buffer                                0x200000b8   Data         100  w5500.o(.bss)
    Netprintf_Buffer                         0x2000011c   Data         100  w5500.o(.bss)
    __libspace_start                         0x20000180   Data          96  libspace.o(.bss)
    __temporary_stack_top$libspace           0x200001e0   Data           0  libspace.o(.bss)



==============================================================================

Memory Map of the image

  Image Entry point : 0x080000ed

  Load Region LR_IROM1 (Base: 0x08000000, Size: 0x000050bc, Max: 0x00010000, ABSOLUTE)

    Execution Region ER_IROM1 (Exec base: 0x08000000, Load base: 0x08000000, Size: 0x00005068, Max: 0x00010000, ABSOLUTE)

    Exec Addr    Load Addr    Size         Type   Attr      Idx    E Section Name        Object

    0x08000000   0x08000000   0x000000ec   Data   RO          275    RESET               startup_stm32f10x_md.o
    0x080000ec   0x080000ec   0x00000008   Code   RO          376  * !!!main             c_w.l(__main.o)
    0x080000f4   0x080000f4   0x00000034   Code   RO          783    !!!scatter          c_w.l(__scatter.o)
    0x08000128   0x08000128   0x0000001a   Code   RO          785    !!handler_copy      c_w.l(__scatter_copy.o)
    0x08000142   0x08000142   0x00000002   PAD
    0x08000144   0x08000144   0x0000001c   Code   RO          787    !!handler_zi        c_w.l(__scatter_zi.o)
    0x08000160   0x08000160   0x00000000   Code   RO          492    .ARM.Collect$$_printf_percent$$00000000  c_w.l(_printf_percent.o)
    0x08000160   0x08000160   0x00000006   Code   RO          481    .ARM.Collect$$_printf_percent$$00000001  c_w.l(_printf_n.o)
    0x08000166   0x08000166   0x00000006   Code   RO          483    .ARM.Collect$$_printf_percent$$00000002  c_w.l(_printf_p.o)
    0x0800016c   0x0800016c   0x00000006   Code   RO          488    .ARM.Collect$$_printf_percent$$00000003  c_w.l(_printf_f.o)
    0x08000172   0x08000172   0x00000006   Code   RO          489    .ARM.Collect$$_printf_percent$$00000004  c_w.l(_printf_e.o)
    0x08000178   0x08000178   0x00000006   Code   RO          490    .ARM.Collect$$_printf_percent$$00000005  c_w.l(_printf_g.o)
    0x0800017e   0x0800017e   0x00000006   Code   RO          491    .ARM.Collect$$_printf_percent$$00000006  c_w.l(_printf_a.o)
    0x08000184   0x08000184   0x0000000a   Code   RO          496    .ARM.Collect$$_printf_percent$$00000007  c_w.l(_printf_ll.o)
    0x0800018e   0x0800018e   0x00000006   Code   RO          485    .ARM.Collect$$_printf_percent$$00000008  c_w.l(_printf_i.o)
    0x08000194   0x08000194   0x00000006   Code   RO          486    .ARM.Collect$$_printf_percent$$00000009  c_w.l(_printf_d.o)
    0x0800019a   0x0800019a   0x00000006   Code   RO          487    .ARM.Collect$$_printf_percent$$0000000A  c_w.l(_printf_u.o)
    0x080001a0   0x080001a0   0x00000006   Code   RO          484    .ARM.Collect$$_printf_percent$$0000000B  c_w.l(_printf_o.o)
    0x080001a6   0x080001a6   0x00000006   Code   RO          482    .ARM.Collect$$_printf_percent$$0000000C  c_w.l(_printf_x.o)
    0x080001ac   0x080001ac   0x00000006   Code   RO          493    .ARM.Collect$$_printf_percent$$0000000D  c_w.l(_printf_lli.o)
    0x080001b2   0x080001b2   0x00000006   Code   RO          494    .ARM.Collect$$_printf_percent$$0000000E  c_w.l(_printf_lld.o)
    0x080001b8   0x080001b8   0x00000006   Code   RO          495    .ARM.Collect$$_printf_percent$$0000000F  c_w.l(_printf_llu.o)
    0x080001be   0x080001be   0x00000006   Code   RO          500    .ARM.Collect$$_printf_percent$$00000010  c_w.l(_printf_llo.o)
    0x080001c4   0x080001c4   0x00000006   Code   RO          501    .ARM.Collect$$_printf_percent$$00000011  c_w.l(_printf_llx.o)
    0x080001ca   0x080001ca   0x0000000a   Code   RO          497    .ARM.Collect$$_printf_percent$$00000012  c_w.l(_printf_l.o)
    0x080001d4   0x080001d4   0x00000006   Code   RO          479    .ARM.Collect$$_printf_percent$$00000013  c_w.l(_printf_c.o)
    0x080001da   0x080001da   0x00000006   Code   RO          480    .ARM.Collect$$_printf_percent$$00000014  c_w.l(_printf_s.o)
    0x080001e0   0x080001e0   0x00000006   Code   RO          498    .ARM.Collect$$_printf_percent$$00000015  c_w.l(_printf_lc.o)
    0x080001e6   0x080001e6   0x00000006   Code   RO          499    .ARM.Collect$$_printf_percent$$00000016  c_w.l(_printf_ls.o)
    0x080001ec   0x080001ec   0x00000004   Code   RO          575    .ARM.Collect$$_printf_percent$$00000017  c_w.l(_printf_percent_end.o)
    0x080001f0   0x080001f0   0x00000002   Code   RO          647    .ARM.Collect$$libinit$$00000000  c_w.l(libinit.o)
    0x080001f2   0x080001f2   0x00000000   Code   RO          660    .ARM.Collect$$libinit$$00000002  c_w.l(libinit2.o)
    0x080001f2   0x080001f2   0x00000000   Code   RO          662    .ARM.Collect$$libinit$$00000004  c_w.l(libinit2.o)
    0x080001f2   0x080001f2   0x00000000   Code   RO          665    .ARM.Collect$$libinit$$0000000A  c_w.l(libinit2.o)
    0x080001f2   0x080001f2   0x00000000   Code   RO          667    .ARM.Collect$$libinit$$0000000C  c_w.l(libinit2.o)
    0x080001f2   0x080001f2   0x00000000   Code   RO          669    .ARM.Collect$$libinit$$0000000E  c_w.l(libinit2.o)
    0x080001f2   0x080001f2   0x00000006   Code   RO          670    .ARM.Collect$$libinit$$0000000F  c_w.l(libinit2.o)
    0x080001f8   0x080001f8   0x00000000   Code   RO          672    .ARM.Collect$$libinit$$00000011  c_w.l(libinit2.o)
    0x080001f8   0x080001f8   0x0000000c   Code   RO          673    .ARM.Collect$$libinit$$00000012  c_w.l(libinit2.o)
    0x08000204   0x08000204   0x00000000   Code   RO          674    .ARM.Collect$$libinit$$00000013  c_w.l(libinit2.o)
    0x08000204   0x08000204   0x00000000   Code   RO          676    .ARM.Collect$$libinit$$00000015  c_w.l(libinit2.o)
    0x08000204   0x08000204   0x0000000a   Code   RO          677    .ARM.Collect$$libinit$$00000016  c_w.l(libinit2.o)
    0x0800020e   0x0800020e   0x00000000   Code   RO          678    .ARM.Collect$$libinit$$00000017  c_w.l(libinit2.o)
    0x0800020e   0x0800020e   0x00000000   Code   RO          680    .ARM.Collect$$libinit$$00000019  c_w.l(libinit2.o)
    0x0800020e   0x0800020e   0x00000000   Code   RO          682    .ARM.Collect$$libinit$$0000001B  c_w.l(libinit2.o)
    0x0800020e   0x0800020e   0x00000000   Code   RO          684    .ARM.Collect$$libinit$$0000001D  c_w.l(libinit2.o)
    0x0800020e   0x0800020e   0x00000000   Code   RO          686    .ARM.Collect$$libinit$$0000001F  c_w.l(libinit2.o)
    0x0800020e   0x0800020e   0x00000000   Code   RO          688    .ARM.Collect$$libinit$$00000021  c_w.l(libinit2.o)
    0x0800020e   0x0800020e   0x00000000   Code   RO          690    .ARM.Collect$$libinit$$00000023  c_w.l(libinit2.o)
    0x0800020e   0x0800020e   0x00000000   Code   RO          692    .ARM.Collect$$libinit$$00000025  c_w.l(libinit2.o)
    0x0800020e   0x0800020e   0x00000000   Code   RO          696    .ARM.Collect$$libinit$$0000002C  c_w.l(libinit2.o)
    0x0800020e   0x0800020e   0x00000000   Code   RO          698    .ARM.Collect$$libinit$$0000002E  c_w.l(libinit2.o)
    0x0800020e   0x0800020e   0x00000000   Code   RO          700    .ARM.Collect$$libinit$$00000030  c_w.l(libinit2.o)
    0x0800020e   0x0800020e   0x00000000   Code   RO          702    .ARM.Collect$$libinit$$00000032  c_w.l(libinit2.o)
    0x0800020e   0x0800020e   0x00000002   Code   RO          703    .ARM.Collect$$libinit$$00000033  c_w.l(libinit2.o)
    0x08000210   0x08000210   0x00000002   Code   RO          725    .ARM.Collect$$libshutdown$$00000000  c_w.l(libshutdown.o)
    0x08000212   0x08000212   0x00000000   Code   RO          735    .ARM.Collect$$libshutdown$$00000002  c_w.l(libshutdown2.o)
    0x08000212   0x08000212   0x00000000   Code   RO          737    .ARM.Collect$$libshutdown$$00000004  c_w.l(libshutdown2.o)
    0x08000212   0x08000212   0x00000000   Code   RO          740    .ARM.Collect$$libshutdown$$00000007  c_w.l(libshutdown2.o)
    0x08000212   0x08000212   0x00000000   Code   RO          743    .ARM.Collect$$libshutdown$$0000000A  c_w.l(libshutdown2.o)
    0x08000212   0x08000212   0x00000000   Code   RO          745    .ARM.Collect$$libshutdown$$0000000C  c_w.l(libshutdown2.o)
    0x08000212   0x08000212   0x00000000   Code   RO          748    .ARM.Collect$$libshutdown$$0000000F  c_w.l(libshutdown2.o)
    0x08000212   0x08000212   0x00000002   Code   RO          749    .ARM.Collect$$libshutdown$$00000010  c_w.l(libshutdown2.o)
    0x08000214   0x08000214   0x00000000   Code   RO          408    .ARM.Collect$$rtentry$$00000000  c_w.l(__rtentry.o)
    0x08000214   0x08000214   0x00000000   Code   RO          544    .ARM.Collect$$rtentry$$00000002  c_w.l(__rtentry2.o)
    0x08000214   0x08000214   0x00000006   Code   RO          556    .ARM.Collect$$rtentry$$00000004  c_w.l(__rtentry4.o)
    0x0800021a   0x0800021a   0x00000000   Code   RO          546    .ARM.Collect$$rtentry$$00000009  c_w.l(__rtentry2.o)
    0x0800021a   0x0800021a   0x00000004   Code   RO          547    .ARM.Collect$$rtentry$$0000000A  c_w.l(__rtentry2.o)
    0x0800021e   0x0800021e   0x00000000   Code   RO          549    .ARM.Collect$$rtentry$$0000000C  c_w.l(__rtentry2.o)
    0x0800021e   0x0800021e   0x00000008   Code   RO          550    .ARM.Collect$$rtentry$$0000000D  c_w.l(__rtentry2.o)
    0x08000226   0x08000226   0x00000002   Code   RO          652    .ARM.Collect$$rtexit$$00000000  c_w.l(rtexit.o)
    0x08000228   0x08000228   0x00000000   Code   RO          707    .ARM.Collect$$rtexit$$00000002  c_w.l(rtexit2.o)
    0x08000228   0x08000228   0x00000004   Code   RO          708    .ARM.Collect$$rtexit$$00000003  c_w.l(rtexit2.o)
    0x0800022c   0x0800022c   0x00000006   Code   RO          709    .ARM.Collect$$rtexit$$00000004  c_w.l(rtexit2.o)
    0x08000232   0x08000232   0x00000002   PAD
    0x08000234   0x08000234   0x00000080   Code   RO            1    .text               main.o
    0x080002b4   0x080002b4   0x0000001a   Code   RO          118    .text               stm32f10x_it.o
    0x080002ce   0x080002ce   0x00000002   PAD
    0x080002d0   0x080002d0   0x000001e0   Code   RO          133    .text               system_stm32f10x.o
    0x080004b0   0x080004b0   0x00000c4c   Code   RO          151    .text               w5500.o
    0x080010fc   0x080010fc   0x000000d4   Code   RO          209    .text               delay.o
    0x080011d0   0x080011d0   0x000000d8   Code   RO          240    .text               usart.o
    0x080012a8   0x080012a8   0x00000040   Code   RO          276    .text               startup_stm32f10x_md.o
    0x080012e8   0x080012e8   0x0000035c   Code   RO          280    .text               stm32f10x_gpio.o
    0x08001644   0x08001644   0x000003a4   Code   RO          292    .text               stm32f10x_rcc.o
    0x080019e8   0x080019e8   0x00000408   Code   RO          306    .text               stm32f10x_usart.o
    0x08001df0   0x08001df0   0x000000dc   Code   RO          318    .text               misc.o
    0x08001ecc   0x08001ecc   0x0000030c   Code   RO          330    .text               stm32f10x_spi.o
    0x080021d8   0x080021d8   0x0000011c   Code   RO          342    .text               stm32f10x_exti.o
    0x080022f4   0x080022f4   0x00000002   Code   RO          368    .text               c_w.l(use_no_semi_2.o)
    0x080022f6   0x080022f6   0x00000002   PAD
    0x080022f8   0x080022f8   0x00000024   Code   RO          370    .text               c_w.l(c89vsprintf.o)
    0x0800231c   0x0800231c   0x0000008a   Code   RO          372    .text               c_w.l(rt_memcpy_v6.o)
    0x080023a6   0x080023a6   0x00000006   Code   RO          374    .text               c_w.l(heapauxi.o)
    0x080023ac   0x080023ac   0x00000002   Code   RO          406    .text               c_w.l(use_no_semi.o)
    0x080023ae   0x080023ae   0x00000016   Code   RO          409    .text               c_w.l(_rserrno.o)
    0x080023c4   0x080023c4   0x0000004e   Code   RO          413    .text               c_w.l(_printf_pad.o)
    0x08002412   0x08002412   0x00000024   Code   RO          415    .text               c_w.l(_printf_truncate.o)
    0x08002436   0x08002436   0x00000052   Code   RO          417    .text               c_w.l(_printf_str.o)
    0x08002488   0x08002488   0x00000078   Code   RO          419    .text               c_w.l(_printf_dec.o)
    0x08002500   0x08002500   0x00000028   Code   RO          421    .text               c_w.l(_printf_charcount.o)
    0x08002528   0x08002528   0x00000030   Code   RO          423    .text               c_w.l(_printf_char_common.o)
    0x08002558   0x08002558   0x0000000a   Code   RO          425    .text               c_w.l(_sputc.o)
    0x08002562   0x08002562   0x00000002   PAD
    0x08002564   0x08002564   0x000000bc   Code   RO          427    .text               c_w.l(_printf_wctomb.o)
    0x08002620   0x08002620   0x0000007c   Code   RO          430    .text               c_w.l(_printf_longlong_dec.o)
    0x0800269c   0x0800269c   0x00000070   Code   RO          436    .text               c_w.l(_printf_oct_int_ll.o)
    0x0800270c   0x0800270c   0x00000094   Code   RO          456    .text               c_w.l(_printf_hex_int_ll_ptr.o)
    0x080027a0   0x080027a0   0x00000188   Code   RO          476    .text               c_w.l(__printf_flags_ss_wp.o)
    0x08002928   0x08002928   0x00000064   Code   RO          502    .text               c_w.l(rt_memcpy_w.o)
    0x0800298c   0x0800298c   0x00000008   Code   RO          561    .text               c_w.l(rt_errno_addr_intlibspace.o)
    0x08002994   0x08002994   0x0000008a   Code   RO          563    .text               c_w.l(lludiv10.o)
    0x08002a1e   0x08002a1e   0x000000b2   Code   RO          565    .text               c_w.l(_printf_intcommon.o)
    0x08002ad0   0x08002ad0   0x0000041e   Code   RO          567    .text               c_w.l(_printf_fp_dec.o)
    0x08002eee   0x08002eee   0x0000002c   Code   RO          571    .text               c_w.l(_printf_char.o)
    0x08002f1a   0x08002f1a   0x0000002c   Code   RO          573    .text               c_w.l(_printf_wchar.o)
    0x08002f46   0x08002f46   0x00000040   Code   RO          576    .text               c_w.l(_wcrtomb.o)
    0x08002f86   0x08002f86   0x00000002   PAD
    0x08002f88   0x08002f88   0x00000008   Code   RO          598    .text               c_w.l(libspace.o)
    0x08002f90   0x08002f90   0x0000004a   Code   RO          601    .text               c_w.l(sys_stackheap_outer.o)
    0x08002fda   0x08002fda   0x00000002   PAD
    0x08002fdc   0x08002fdc   0x00000010   Code   RO          603    .text               c_w.l(rt_ctype_table.o)
    0x08002fec   0x08002fec   0x00000008   Code   RO          608    .text               c_w.l(rt_locale_intlibspace.o)
    0x08002ff4   0x08002ff4   0x00000080   Code   RO          610    .text               c_w.l(_printf_fp_infnan.o)
    0x08003074   0x08003074   0x000000e4   Code   RO          612    .text               c_w.l(bigflt0.o)
    0x08003158   0x08003158   0x00000012   Code   RO          640    .text               c_w.l(exit.o)
    0x0800316a   0x0800316a   0x00000002   PAD
    0x0800316c   0x0800316c   0x00000080   Code   RO          657    .text               c_w.l(strcmpv7m.o)
    0x080031ec   0x080031ec   0x0000003e   Code   RO          615    CL$$btod_d2e        c_w.l(btod.o)
    0x0800322a   0x0800322a   0x00000046   Code   RO          617    CL$$btod_d2e_denorm_low  c_w.l(btod.o)
    0x08003270   0x08003270   0x00000060   Code   RO          616    CL$$btod_d2e_norm_op1  c_w.l(btod.o)
    0x080032d0   0x080032d0   0x00000338   Code   RO          625    CL$$btod_div_common  c_w.l(btod.o)
    0x08003608   0x08003608   0x000000dc   Code   RO          622    CL$$btod_e2e        c_w.l(btod.o)
    0x080036e4   0x080036e4   0x0000002a   Code   RO          619    CL$$btod_ediv       c_w.l(btod.o)
    0x0800370e   0x0800370e   0x0000002a   Code   RO          618    CL$$btod_emul       c_w.l(btod.o)
    0x08003738   0x08003738   0x00000244   Code   RO          624    CL$$btod_mult_common  c_w.l(btod.o)
    0x0800397c   0x0800397c   0x00000028   Code   RO          594    i.__ARM_fpclassify  m_ws.l(fpclassify.o)
    0x080039a4   0x080039a4   0x00000388   Code   RO          532    i.__ieee754_rem_pio2  m_ws.l(rred.o)
    0x08003d2c   0x08003d2c   0x000000fc   Code   RO          515    i.__kernel_cos      m_ws.l(cos_i.o)
    0x08003e28   0x08003e28   0x000000aa   Code   RO          596    i.__kernel_poly     m_ws.l(poly.o)
    0x08003ed2   0x08003ed2   0x00000002   PAD
    0x08003ed4   0x08003ed4   0x000000ec   Code   RO          537    i.__kernel_sin      m_ws.l(sin_i.o)
    0x08003fc0   0x08003fc0   0x00000006   Code   RO          519    i.__mathlib_dbl_infnan  m_ws.l(dunder.o)
    0x08003fc6   0x08003fc6   0x0000000c   Code   RO          521    i.__mathlib_dbl_invalid  m_ws.l(dunder.o)
    0x08003fd2   0x08003fd2   0x00000002   PAD
    0x08003fd4   0x08003fd4   0x00000010   Code   RO          524    i.__mathlib_dbl_underflow  m_ws.l(dunder.o)
    0x08003fe4   0x08003fe4   0x0000000e   Code   RO          469    i._is_digit         c_w.l(__printf_wp.o)
    0x08003ff2   0x08003ff2   0x00000002   PAD
    0x08003ff4   0x08003ff4   0x000000a0   Code   RO          399    i.sin               m_ws.l(sin.o)
    0x08004094   0x08004094   0x0000002c   Code   RO          638    locale$$code        c_w.l(lc_numeric_c.o)
    0x080040c0   0x080040c0   0x0000002c   Code   RO          655    locale$$code        c_w.l(lc_ctype_c.o)
    0x080040ec   0x080040ec   0x00000150   Code   RO          378    x$fpl$dadd          fz_ws.l(daddsub_clz.o)
    0x0800423c   0x0800423c   0x00000010   Code   RO          648    x$fpl$dcheck1       fz_ws.l(dcheck1.o)
    0x0800424c   0x0800424c   0x000002b0   Code   RO          579    x$fpl$ddiv          fz_ws.l(ddiv.o)
    0x080044fc   0x080044fc   0x0000005e   Code   RO          582    x$fpl$dfix          fz_ws.l(dfix.o)
    0x0800455a   0x0800455a   0x0000002e   Code   RO          587    x$fpl$dflt          fz_ws.l(dflt_clz.o)
    0x08004588   0x08004588   0x00000026   Code   RO          586    x$fpl$dfltu         fz_ws.l(dflt_clz.o)
    0x080045ae   0x080045ae   0x00000002   PAD
    0x080045b0   0x080045b0   0x00000154   Code   RO          384    x$fpl$dmul          fz_ws.l(dmul.o)
    0x08004704   0x08004704   0x0000009c   Code   RO          504    x$fpl$dnaninf       fz_ws.l(dnaninf.o)
    0x080047a0   0x080047a0   0x0000000c   Code   RO          506    x$fpl$dretinf       fz_ws.l(dretinf.o)
    0x080047ac   0x080047ac   0x00000016   Code   RO          379    x$fpl$drsb          fz_ws.l(daddsub_clz.o)
    0x080047c2   0x080047c2   0x00000002   PAD
    0x080047c4   0x080047c4   0x000001d4   Code   RO          380    x$fpl$dsub          fz_ws.l(daddsub_clz.o)
    0x08004998   0x08004998   0x00000056   Code   RO          386    x$fpl$f2d           fz_ws.l(f2d.o)
    0x080049ee   0x080049ee   0x00000002   PAD
    0x080049f0   0x080049f0   0x00000184   Code   RO          389    x$fpl$fdiv          fz_ws.l(fdiv.o)
    0x08004b74   0x08004b74   0x00000026   Code   RO          392    x$fpl$ffltu         fz_ws.l(fflt_clz.o)
    0x08004b9a   0x08004b9a   0x0000008c   Code   RO          508    x$fpl$fnaninf       fz_ws.l(fnaninf.o)
    0x08004c26   0x08004c26   0x0000000a   Code   RO          510    x$fpl$fretinf       fz_ws.l(fretinf.o)
    0x08004c30   0x08004c30   0x00000004   Code   RO          512    x$fpl$printf1       fz_ws.l(printf1.o)
    0x08004c34   0x08004c34   0x00000064   Code   RO          704    x$fpl$retnan        fz_ws.l(retnan.o)
    0x08004c98   0x08004c98   0x0000005c   Code   RO          592    x$fpl$scalbn        fz_ws.l(scalbn.o)
    0x08004cf4   0x08004cf4   0x00000030   Code   RO          717    x$fpl$trapveneer    fz_ws.l(trapv.o)
    0x08004d24   0x08004d24   0x00000000   Code   RO          514    x$fpl$usenofp       fz_ws.l(usenofp.o)
    0x08004d24   0x08004d24   0x00000008   Data   RO          428    .constdata          c_w.l(_printf_wctomb.o)
    0x08004d2c   0x08004d2c   0x00000028   Data   RO          457    .constdata          c_w.l(_printf_hex_int_ll_ptr.o)
    0x08004d54   0x08004d54   0x00000011   Data   RO          477    .constdata          c_w.l(__printf_flags_ss_wp.o)
    0x08004d65   0x08004d65   0x00000003   PAD
    0x08004d68   0x08004d68   0x00000030   Data   RO          516    .constdata          m_ws.l(cos_i.o)
    0x08004d98   0x08004d98   0x000000c8   Data   RO          534    .constdata          m_ws.l(rred.o)
    0x08004e60   0x08004e60   0x00000028   Data   RO          538    .constdata          m_ws.l(sin_i.o)
    0x08004e88   0x08004e88   0x00000094   Data   RO          613    .constdata          c_w.l(bigflt0.o)
    0x08004f1c   0x08004f1c   0x00000020   Data   RO          781    Region$$Table       anon$$obj.o
    0x08004f3c   0x08004f3c   0x0000001c   Data   RO          637    locale$$data        c_w.l(lc_numeric_c.o)
    0x08004f58   0x08004f58   0x00000110   Data   RO          654    locale$$data        c_w.l(lc_ctype_c.o)


    Execution Region RW_IRAM1 (Exec base: 0x20000000, Load base: 0x08005068, Size: 0x000007e0, Max: 0x00005000, ABSOLUTE)

    Exec Addr    Load Addr    Size         Type   Attr      Idx    E Section Name        Object

    0x20000000   0x08005068   0x00000014   Data   RW          134    .data               system_stm32f10x.o
    0x20000014   0x0800507c   0x00000027   Data   RW          153    .data               w5500.o
    0x2000003b   0x080050a3   0x00000001   PAD
    0x2000003c   0x080050a4   0x00000004   Data   RW          210    .data               delay.o
    0x20000040   0x080050a8   0x00000014   Data   RW          293    .data               stm32f10x_rcc.o
    0x20000054        -       0x0000012c   Zero   RW          152    .bss                w5500.o
    0x20000180        -       0x00000060   Zero   RW          599    .bss                c_w.l(libspace.o)
    0x200001e0        -       0x00000200   Zero   RW          274    HEAP                startup_stm32f10x_md.o
    0x200003e0        -       0x00000400   Zero   RW          273    STACK               startup_stm32f10x_md.o


==============================================================================

Image component sizes


      Code (inc. data)   RO Data    RW Data    ZI Data      Debug   Object Name

       212         18          0          4          0       1039   delay.o
       128         20          0          0          0     236879   main.o
       220         22          0          0          0       1797   misc.o
        64         26        236          0       1536        800   startup_stm32f10x_md.o
       284         10          0          0          0       2255   stm32f10x_exti.o
       860         38          0          0          0       5729   stm32f10x_gpio.o
        26          0          0          0          0       1178   stm32f10x_it.o
       932         36          0         20          0       8908   stm32f10x_rcc.o
       780         14          0          0          0       6614   stm32f10x_spi.o
      1032         22          0          0          0       8456   stm32f10x_usart.o
         0          0          0          0          0         32   sys.o
       480         38          0         20          0       1731   system_stm32f10x.o
       216         10          0          0          0       2837   usart.o
      3148        134          0         39        300     219429   w5500.o

    ----------------------------------------------------------------------
      8384        388        268         84       1836     497684   Object Totals
         0          0         32          0          0          0   (incl. Generated)
         2          0          0          1          0          0   (incl. Padding)

    ----------------------------------------------------------------------

      Code (inc. data)   RO Data    RW Data    ZI Data      Debug   Library Member Name

         8          0          0          0          0         68   __main.o
       392          4         17          0          0         92   __printf_flags_ss_wp.o
        14          0          0          0          0         68   __printf_wp.o
         0          0          0          0          0          0   __rtentry.o
        12          0          0          0          0          0   __rtentry2.o
         6          0          0          0          0          0   __rtentry4.o
        52          8          0          0          0          0   __scatter.o
        26          0          0          0          0          0   __scatter_copy.o
        28          0          0          0          0          0   __scatter_zi.o
         6          0          0          0          0          0   _printf_a.o
         6          0          0          0          0          0   _printf_c.o
        44          0          0          0          0        108   _printf_char.o
        48          6          0          0          0         96   _printf_char_common.o
        40          0          0          0          0         68   _printf_charcount.o
         6          0          0          0          0          0   _printf_d.o
       120         16          0          0          0         92   _printf_dec.o
         6          0          0          0          0          0   _printf_e.o
         6          0          0          0          0          0   _printf_f.o
      1054          0          0          0          0        216   _printf_fp_dec.o
       128         16          0          0          0         84   _printf_fp_infnan.o
         6          0          0          0          0          0   _printf_g.o
       148          4         40          0          0        160   _printf_hex_int_ll_ptr.o
         6          0          0          0          0          0   _printf_i.o
       178          0          0          0          0         88   _printf_intcommon.o
        10          0          0          0          0          0   _printf_l.o
         6          0          0          0          0          0   _printf_lc.o
        10          0          0          0          0          0   _printf_ll.o
         6          0          0          0          0          0   _printf_lld.o
         6          0          0          0          0          0   _printf_lli.o
         6          0          0          0          0          0   _printf_llo.o
         6          0          0          0          0          0   _printf_llu.o
         6          0          0          0          0          0   _printf_llx.o
       124         16          0          0          0         92   _printf_longlong_dec.o
         6          0          0          0          0          0   _printf_ls.o
         6          0          0          0          0          0   _printf_n.o
         6          0          0          0          0          0   _printf_o.o
       112         10          0          0          0        124   _printf_oct_int_ll.o
         6          0          0          0          0          0   _printf_p.o
        78          0          0          0          0        108   _printf_pad.o
         0          0          0          0          0          0   _printf_percent.o
         4          0          0          0          0          0   _printf_percent_end.o
         6          0          0          0          0          0   _printf_s.o
        82          0          0          0          0         80   _printf_str.o
        36          0          0          0          0         84   _printf_truncate.o
         6          0          0          0          0          0   _printf_u.o
        44          0          0          0          0        108   _printf_wchar.o
       188          6          8          0          0         92   _printf_wctomb.o
         6          0          0          0          0          0   _printf_x.o
        22          0          0          0          0        100   _rserrno.o
        10          0          0          0          0         68   _sputc.o
        64          0          0          0          0         92   _wcrtomb.o
       228          4        148          0          0         96   bigflt0.o
      1936        128          0          0          0        672   btod.o
        36          4          0          0          0         76   c89vsprintf.o
        18          0          0          0          0         80   exit.o
         6          0          0          0          0        152   heapauxi.o
        44         10        272          0          0         76   lc_ctype_c.o
        44         10         28          0          0         76   lc_numeric_c.o
         2          0          0          0          0          0   libinit.o
        30          0          0          0          0          0   libinit2.o
         2          0          0          0          0          0   libshutdown.o
         2          0          0          0          0          0   libshutdown2.o
         8          4          0          0         96         68   libspace.o
       138          0          0          0          0         80   lludiv10.o
        16          4          0          0          0         76   rt_ctype_table.o
         8          4          0          0          0         68   rt_errno_addr_intlibspace.o
         8          4          0          0          0         68   rt_locale_intlibspace.o
       138          0          0          0          0         68   rt_memcpy_v6.o
       100          0          0          0          0         80   rt_memcpy_w.o
         2          0          0          0          0          0   rtexit.o
        10          0          0          0          0          0   rtexit2.o
       128          0          0          0          0         68   strcmpv7m.o
        74          0          0          0          0         80   sys_stackheap_outer.o
         2          0          0          0          0         68   use_no_semi.o
         2          0          0          0          0         68   use_no_semi_2.o
       826         16          0          0          0        348   daddsub_clz.o
        16          4          0          0          0         68   dcheck1.o
       688        140          0          0          0        208   ddiv.o
        94          4          0          0          0         92   dfix.o
        84          0          0          0          0        136   dflt_clz.o
       340         12          0          0          0        104   dmul.o
       156          4          0          0          0         92   dnaninf.o
        12          0          0          0          0         68   dretinf.o
        86          4          0          0          0         84   f2d.o
       388         76          0          0          0         96   fdiv.o
        38          0          0          0          0         68   fflt_clz.o
       140          4          0          0          0         84   fnaninf.o
        10          0          0          0          0         68   fretinf.o
         4          0          0          0          0         68   printf1.o
       100          0          0          0          0         68   retnan.o
        92          0          0          0          0         68   scalbn.o
        48          0          0          0          0         68   trapv.o
         0          0          0          0          0          0   usenofp.o
       252         22         48          0          0        124   cos_i.o
        34          6          0          0          0        204   dunder.o
        40          0          0          0          0         68   fpclassify.o
       170          0          0          0          0         96   poly.o
       904         76        200          0          0        140   rred.o
       160         10          0          0          0        108   sin.o
       236         12         40          0          0        128   sin_i.o

    ----------------------------------------------------------------------
     11128        648        804          0         96       6764   Library Totals
        26          0          3          0          0          0   (incl. Padding)

    ----------------------------------------------------------------------

      Code (inc. data)   RO Data    RW Data    ZI Data      Debug   Library Name

      6184        258        513          0         96       4108   c_w.l
      3122        264          0          0          0       1788   fz_ws.l
      1796        126        288          0          0        868   m_ws.l

    ----------------------------------------------------------------------
     11128        648        804          0         96       6764   Library Totals

    ----------------------------------------------------------------------

==============================================================================


      Code (inc. data)   RO Data    RW Data    ZI Data      Debug   

     19512       1036       1072         84       1932     499556   Grand Totals
     19512       1036       1072         84       1932     499556   ELF Image Totals
     19512       1036       1072         84          0          0   ROM Totals

==============================================================================

    Total RO  Size (Code + RO Data)                20584 (  20.10kB)
    Total RW  Size (RW Data + ZI Data)              2016 (   1.97kB)
    Total ROM Size (Code + RO Data + RW Data)      20668 (  20.18kB)

==============================================================================

