<html>
<body>
<pre>
<h1>µVision Build Log</h1>
<h2>Tool Versions:</h2>
IDE-Version: ¦ÌVision V5.24.2.0
Copyright (C) 2017 ARM Ltd and ARM Germany GmbH. All rights reserved.
License Information: AI ZQ, ZJU, LIC=----
 
Tool Versions:
Toolchain:       MDK-Lite  Version: 5.24.1
Toolchain Path:  D:\MYAPP\ARM\ARMCC\Bin
C Compiler:      Armcc.exe V5.06 update 5 (build 528)
Assembler:       Armasm.exe V5.06 update 5 (build 528)
Linker/Locator:  ArmLink.exe V5.06 update 5 (build 528)
Library Manager: ArmAr.exe V5.06 update 5 (build 528)
Hex Converter:   FromElf.exe V5.06 update 5 (build 528)
CPU DLL:         SARMCM3.DLL V5.24.1
Dialog DLL:      DCM.DLL V1.16.0.0
Target DLL:      Segger\JL2CM3.dll V2.99.26.0
Dialog DLL:      TCM.DLL V1.32.0.0
 
<h2>Project:</h2>
C:\Users\antymistor\Desktop\Ethernet-com\Netdemo_client\USER\PWM.uvprojx
Project File Date:  02/28/2020

<h2>Output:</h2>
*** Using Compiler 'V5.06 update 5 (build 528)', folder: 'D:\MYAPP\ARM\ARMCC\Bin'
Build target 'Target 1'
compiling core_cm3.c...
compiling stm32f10x_it.c...
compiling system_stm32f10x.c...
compiling delay.c...
compiling usart.c...
..\SYSTEM\usart\usart.c(83): warning:  #550-D: variable "Res"  was set but never used
  	u8 Res;
..\SYSTEM\usart\usart.c: 1 warning, 0 errors
compiling main.c...
main.c(23): warning:  #167-D: argument of type "char *" is incompatible with parameter of type "unsigned char *"
  	Netprintf(Buffer);
main.c: 1 warning, 0 errors
compiling W5500.c...
..\HARDWARE\W5500\W5500.c(554): warning:  #167-D: argument of type "unsigned char *" is incompatible with parameter of type "char *restrict"
  	size=vsprintf(Netprintf_Buffer,fmt,pArg);
..\HARDWARE\W5500\W5500.c(554): warning:  #167-D: argument of type "unsigned char *" is incompatible with parameter of type "const char *restrict"
  	size=vsprintf(Netprintf_Buffer,fmt,pArg);
..\HARDWARE\W5500\W5500.c(1027): warning:  #167-D: argument of type "unsigned char *" is incompatible with parameter of type "char *"
  			datarec_process(Tx_Buffer);
..\HARDWARE\W5500\W5500.c: 3 warnings, 0 errors
compiling sys.c...
assembling startup_stm32f10x_md.s...
compiling stm32f10x_gpio.c...
compiling stm32f10x_rcc.c...
compiling stm32f10x_usart.c...
compiling misc.c...
compiling stm32f10x_spi.c...
compiling stm32f10x_exti.c...
compiling stm32f10x_flash.c...
linking...
Program Size: Code=19512 RO-data=1072 RW-data=84 ZI-data=1932  
FromELF: creating hex file...
"..\OBJ\PWM.axf" - 0 Error(s), 5 Warning(s).

<h2>Software Packages used:</h2>

Package Vendor: Keil
                http://www.keil.com/pack/Keil.STM32F1xx_DFP.2.3.0.pack
                Keil.STM32F1xx_DFP.2.3.0
                STMicroelectronics STM32F1 Series Device Support, Drivers and Examples

<h2>Collection of Component include folders:</h2>
  .\RTE\_Target_1
  D:\MYAPP\ARM\PACK\Keil\STM32F1xx_DFP\2.3.0\Device\Include

<h2>Collection of Component Files used:</h2>
Build Time Elapsed:  00:00:12
</pre>
</body>
</html>
